 windows_process_tree

 Timestamp is 5f02e8da (Mon Jul  6 17:03:22 2020)

 Preferred load address is 0000000180000000

 Start         Length     Name                   Class
 0001:00000000 0000e280H .text$mn                CODE
 0001:0000e280 00000020H .text$mn$00             CODE
 0001:0000e2a0 00000250H .text$x                 CODE
 0002:00000000 00000298H .idata$5                DATA
 0002:00000298 00000010H .00cfg                  DATA
 0002:000002a8 00000008H .CRT$XCA                DATA
 0002:000002b0 00000008H .CRT$XCU                DATA
 0002:000002b8 00000008H .CRT$XCZ                DATA
 0002:000002c0 00000008H .CRT$XIA                DATA
 0002:000002c8 00000018H .CRT$XIC                DATA
 0002:000002e0 00000008H .CRT$XIZ                DATA
 0002:000002e8 00000008H .CRT$XPA                DATA
 0002:000002f0 00000010H .CRT$XPX                DATA
 0002:00000300 00000008H .CRT$XPXA               DATA
 0002:00000308 00000008H .CRT$XPZ                DATA
 0002:00000310 00000008H .CRT$XTA                DATA
 0002:00000318 00000008H .CRT$XTZ                DATA
 0002:00000320 00000000H .gfids$y                DATA
 0002:00000320 00007640H .rdata                  DATA
 0002:00007960 000001f4H .rdata$r                DATA
 0002:00007b54 000003ecH .rdata$zzzdbg           DATA
 0002:00007f40 00000008H .rtc$IAA                DATA
 0002:00007f48 00000008H .rtc$IZZ                DATA
 0002:00007f50 00000008H .rtc$TAA                DATA
 0002:00007f58 00000008H .rtc$TZZ                DATA
 0002:00007f60 00000dc8H .xdata                  DATA
 0002:00008d28 000000ecH .xdata$x                DATA
 0002:00008e14 00000020H .didat$2                DATA
 0002:00008e34 00000024H .didat$3                DATA
 0002:00008e58 00000170H .didat$4                DATA
 0002:00008fc8 00000cb0H .didat$6                DATA
 0002:00009c78 00000178H .didat$7                DATA
 0002:00009df0 00000060H .edata                  DATA
 0002:00009e50 00000028H .idata$2                DATA
 0002:00009e78 00000018H .idata$3                DATA
 0002:00009e90 00000298H .idata$4                DATA
 0002:0000a128 000005fcH .idata$6                DATA
 0003:00000000 00000a30H .data                   DATA
 0003:00000a30 000000a0H .data$r                 DATA
 0003:00000ad0 00000170H .didat$5                DATA
 0003:00000c40 00001200H .bss                    DATA
 0004:00000000 00001008H .pdata                  DATA
 0005:00000000 00000060H .rsrc$01                DATA
 0005:00000060 00000180H .rsrc$02                DATA

  Address         Publics by Value              Rva+Base               Lib:Object

 0000:00000000       __hybrid_code_map_count    0000000000000000     <absolute>
 0000:00000000       __hybrid_code_map          0000000000000000     <absolute>
 0000:00000000       __guard_iat_count          0000000000000000     <absolute>
 0000:00000000       __volatile_metadata        0000000000000000     <absolute>
 0000:00000000       __guard_longjmp_count      0000000000000000     <absolute>
 0000:00000000       __guard_longjmp_table      0000000000000000     <absolute>
 0000:00000000       __guard_iat_table          0000000000000000     <absolute>
 0000:00000000       __guard_fids_count         0000000000000000     <absolute>
 0000:00000000       ___safe_se_handler_count   0000000000000000     <absolute>
 0000:00000000       __enclave_config           0000000000000000     <absolute>
 0000:00000000       ___safe_se_handler_table   0000000000000000     <absolute>
 0000:00000000       __guard_fids_table         0000000000000000     <absolute>
 0000:00000000       __hybrid_auxiliary_iat     0000000000000000     <absolute>
 0000:00000000       __dynamic_value_reloc_table 0000000000000000     <absolute>
 0000:00000100       __guard_flags              0000000000000100     <absolute>
 0000:00000000       __ImageBase                0000000180000000     <linker-defined>
 0001:000000e0       ?ThrowTypeError@Nan@@YAXPEBD@Z 00000001800010e0 f i addon.obj
 0001:00000170       ?AsyncExecute@Nan@@YAXPEAUuv_work_s@@@Z 0000000180001170 f i addon.obj
 0001:00000180       ?AsyncExecuteComplete@Nan@@YAXPEAUuv_work_s@@@Z 0000000180001180 f i addon.obj
 0001:000001b0       ?Export@Nan@@YAXV?$Local@VObject@v8@@@v8@@PEBDP6AXAEBV?$FunctionCallbackInfo@VValue@v8@@@1@@Z@Z 00000001800011b0 f i addon.obj
 0001:00000420       ?GetProcessList@@YAXAEBV?$FunctionCallbackInfo@VValue@v8@@@Nan@@@Z 0000000180001420 f   addon.obj
 0001:00000610       ?GetProcessCpuUsage@@YAXAEBV?$FunctionCallbackInfo@VValue@v8@@@Nan@@@Z 0000000180001610 f   addon.obj
 0001:00000760       ?Init@@YAXV?$Local@VObject@v8@@@v8@@@Z 0000000180001760 f   addon.obj
 0001:000007b0       ??0AsyncResource@Nan@@QEAA@PEBDV?$Local@VObject@v8@@@v8@@@Z 00000001800017b0 f i cpu_worker.obj
 0001:00000870       ?Call@Callback@Nan@@QEBA?AV?$MaybeLocal@VValue@v8@@@v8@@HQEAV?$Local@VValue@v8@@@4@PEAVAsyncResource@2@@Z 0000000180001870 f i cpu_worker.obj
 0001:00000980       ??0AsyncWorker@Nan@@QEAA@PEAVCallback@1@PEBD@Z 0000000180001980 f i cpu_worker.obj
 0001:00000a70       ??1AsyncWorker@Nan@@UEAA@XZ 0000000180001a70 f i cpu_worker.obj
 0001:00000b40       ?WorkComplete@AsyncWorker@Nan@@UEAAXXZ 0000000180001b40 f i cpu_worker.obj
 0001:00000bd0       ?Destroy@AsyncWorker@Nan@@UEAAXXZ 0000000180001bd0 f i cpu_worker.obj
 0001:00000bf0       ?HandleOKCallback@AsyncWorker@Nan@@MEAAXXZ 0000000180001bf0 f i cpu_worker.obj
 0001:00000c50       ?HandleErrorCallback@AsyncWorker@Nan@@MEAAXXZ 0000000180001c50 f i cpu_worker.obj
 0001:00000dc0       ??_GAsyncWorker@Nan@@UEAAPEAXI@Z 0000000180001dc0 f i cpu_worker.obj
 0001:00000dc0       ??_EAsyncWorker@Nan@@UEAAPEAXI@Z 0000000180001dc0 f i * CIL library *:* CIL module *
 0001:00000e00       ??0GetCPUWorker@@QEAA@PEAVCallback@Nan@@AEAV?$Local@VArray@v8@@@v8@@@Z 0000000180001e00 f   cpu_worker.obj
 0001:00001180       ??_GGetCPUWorker@@UEAAPEAXI@Z 0000000180002180 f i cpu_worker.obj
 0001:00001180       ??_EGetCPUWorker@@UEAAPEAXI@Z 0000000180002180 f i * CIL library *:* CIL module *
 0001:000011d0       ?Execute@GetCPUWorker@@UEAAXXZ 00000001800021d0 f   cpu_worker.obj
 0001:00001430       ?HandleOKCallback@GetCPUWorker@@UEAAXXZ 0000000180002430 f   cpu_worker.obj
 0001:00001a10       ??_GGetProcessesWorker@@UEAAPEAXI@Z 0000000180002a10 f i process_worker.obj
 0001:00001a10       ??_EGetProcessesWorker@@UEAAPEAXI@Z 0000000180002a10 f i * CIL library *:* CIL module *
 0001:00001a80       ?Execute@GetProcessesWorker@@UEAAXXZ 0000000180002a80 f   process_worker.obj
 0001:00001c20       ?HandleOKCallback@GetProcessesWorker@@UEAAXXZ 0000000180002c20 f   process_worker.obj
 0001:00002340       ?GetProcessCommandLine@@YA_NQEAUProcessInfo@@PEAI@Z 0000000180003340 f   process_commandline.obj
 0001:000025f4       __imp_load_uv_queue_work   00000001800035f4 f   node:node.exe
 0001:00002600       __tailMerge_node_exe       0000000180003600     node:node.exe
 0001:00002679       __imp_load_?Value@External@v8@@QEBAPEAXXZ 0000000180003679 f   node:node.exe
 0001:00002685       __imp_load_?New@External@v8@@SA?AV?$Local@VExternal@v8@@@2@PEAVIsolate@2@PEAX@Z 0000000180003685 f   node:node.exe
 0001:00002691       __imp_load_?ThrowException@Isolate@v8@@QEAA?AV?$Local@VValue@v8@@@2@V32@@Z 0000000180003691 f   node:node.exe
 0001:0000269d       __imp_load_?GetCurrentContext@Isolate@v8@@QEAA?AV?$Local@VContext@v8@@@2@XZ 000000018000369d f   node:node.exe
 0001:000026a9       __imp_load_?GetCurrent@Isolate@v8@@SAPEAV12@XZ 00000001800036a9 f   node:node.exe
 0001:000026b5       __imp_load_?CreateHandle@HandleScope@v8@@KAPEAPEAVObject@internal@2@PEAVIsolate@42@PEAV342@@Z 00000001800036b5 f   node:node.exe
 0001:000026c1       __imp_load_?CreateHandle@HandleScope@v8@@CAPEAPEAVObject@internal@2@PEAVHeapObject@42@PEAV342@@Z 00000001800036c1 f   node:node.exe
 0001:000026cd       __imp_load_??1HandleScope@v8@@QEAA@XZ 00000001800036cd f   node:node.exe
 0001:000026d9       __imp_load_??0HandleScope@v8@@QEAA@PEAVIsolate@1@@Z 00000001800036d9 f   node:node.exe
 0001:000026e5       __imp_load_?TypeError@Exception@v8@@SA?AV?$Local@VValue@v8@@@2@V?$Local@VString@v8@@@2@@Z 00000001800036e5 f   node:node.exe
 0001:000026f1       __imp_load_?GetFunction@FunctionTemplate@v8@@QEAA?AV?$MaybeLocal@VFunction@v8@@@2@V?$Local@VContext@v8@@@2@@Z 00000001800036f1 f   node:node.exe
 0001:000026fd       __imp_load_?New@FunctionTemplate@v8@@SA?AV?$Local@VFunctionTemplate@v8@@@2@PEAVIsolate@2@P6AXAEBV?$FunctionCallbackInfo@VValue@v8@@@2@@ZV?$Local@VValue@v8@@@2@V?$Local@VSignature@v8@@@2@HW4ConstructorBehavior@2@W4SideEffectType@2@@Z 00000001800036fd f   node:node.exe
 0001:00002709       __imp_load_?ToLocalEmpty@V8@v8@@CAXXZ 0000000180003709 f   node:node.exe
 0001:00002715       __imp_load_?DisposeGlobal@V8@v8@@CAXPEAPEAVObject@internal@2@@Z 0000000180003715 f   node:node.exe
 0001:00002721       __imp_load_?GlobalizeReference@V8@v8@@CAPEAPEAVObject@internal@2@PEAVIsolate@42@PEAPEAV342@@Z 0000000180003721 f   node:node.exe
 0001:0000272d       __imp_load_?Int32Value@Value@v8@@QEBA?AV?$Maybe@H@2@V?$Local@VContext@v8@@@2@@Z 000000018000372d f   node:node.exe
 0001:00002739       __imp_load_?IsNumber@Value@v8@@QEBA_NXZ 0000000180003739 f   node:node.exe
 0001:00002745       __imp_load_?IsArray@Value@v8@@QEBA_NXZ 0000000180003745 f   node:node.exe
 0001:00002751       __imp_load_?IsFunction@Value@v8@@QEBA_NXZ 0000000180003751 f   node:node.exe
 0001:0000275d       __imp_load_?Escape@EscapableHandleScope@v8@@AEAAPEAPEAVObject@internal@2@PEAPEAV342@@Z 000000018000375d f   node:node.exe
 0001:00002769       __imp_load_??0EscapableHandleScope@v8@@QEAA@PEAVIsolate@1@@Z 0000000180003769 f   node:node.exe
 0001:00002775       __imp_load_?NewFromUtf8@String@v8@@SA?AV?$MaybeLocal@VString@v8@@@2@PEAVIsolate@2@PEBDW4NewStringType@2@H@Z 0000000180003775 f   node:node.exe
 0001:00002781       __imp_load_?SlowGetInternalField@Object@v8@@AEAA?AV?$Local@VValue@v8@@@2@H@Z 0000000180003781 f   node:node.exe
 0001:0000278d       __imp_load_?SetInternalField@Object@v8@@QEAAXHV?$Local@VValue@v8@@@2@@Z 000000018000378d f   node:node.exe
 0001:00002799       __imp_load_?Set@Object@v8@@QEAA?AV?$Maybe@_N@2@V?$Local@VContext@v8@@@2@V?$Local@VValue@v8@@@2@1@Z 0000000180003799 f   node:node.exe
 0001:000027a5       __imp_load_?SetInternalFieldCount@ObjectTemplate@v8@@QEAAXH@Z 00000001800037a5 f   node:node.exe
 0001:000027b1       __imp_load_?NewInstance@ObjectTemplate@v8@@QEAA?AV?$MaybeLocal@VObject@v8@@@2@V?$Local@VContext@v8@@@2@@Z 00000001800037b1 f   node:node.exe
 0001:000027bd       __imp_load_?New@ObjectTemplate@v8@@SA?AV?$Local@VObjectTemplate@v8@@@2@PEAVIsolate@2@V?$Local@VFunctionTemplate@v8@@@2@@Z 00000001800037bd f   node:node.exe
 0001:000027c9       __imp_load_node_module_register 00000001800037c9 f   node:node.exe
 0001:000027d5       __imp_load_?GetCurrentEventLoop@node@@YAPEAUuv_loop_s@@PEAVIsolate@v8@@@Z 00000001800037d5 f   node:node.exe
 0001:000027e1       __imp_load_?Global@Context@v8@@QEAA?AV?$Local@VObject@v8@@@2@XZ 00000001800037e1 f   node:node.exe
 0001:000027ed       __imp_load_?NewFromUnsigned@Integer@v8@@SA?AV?$Local@VInteger@v8@@@2@PEAVIsolate@2@I@Z 00000001800037ed f   node:node.exe
 0001:000027f9       __imp_load_?Error@Exception@v8@@SA?AV?$Local@VValue@v8@@@2@V?$Local@VString@v8@@@2@@Z 00000001800037f9 f   node:node.exe
 0001:00002805       __imp_load_?New@Array@v8@@SA?AV?$Local@VArray@v8@@@2@PEAVIsolate@2@H@Z 0000000180003805 f   node:node.exe
 0001:00002811       __imp_load_?Length@Array@v8@@QEBAIXZ 0000000180003811 f   node:node.exe
 0001:0000281d       __imp_load_?ToInteger@Value@v8@@QEBA?AV?$MaybeLocal@VInteger@v8@@@2@V?$Local@VContext@v8@@@2@@Z 000000018000381d f   node:node.exe
 0001:00002829       __imp_load_?ToObject@Value@v8@@QEBA?AV?$MaybeLocal@VObject@v8@@@2@V?$Local@VContext@v8@@@2@@Z 0000000180003829 f   node:node.exe
 0001:00002835       __imp_load_?New@Number@v8@@SA?AV?$Local@VNumber@v8@@@2@PEAVIsolate@2@N@Z 0000000180003835 f   node:node.exe
 0001:00002841       __imp_load_?New@Object@v8@@SA?AV?$Local@VObject@v8@@@2@PEAVIsolate@2@@Z 0000000180003841 f   node:node.exe
 0001:0000284d       __imp_load_?Get@Object@v8@@QEAA?AV?$MaybeLocal@VValue@v8@@@2@V?$Local@VContext@v8@@@2@V?$Local@VValue@v8@@@2@@Z 000000018000384d f   node:node.exe
 0001:00002859       __imp_load_?Set@Object@v8@@QEAA?AV?$Maybe@_N@2@V?$Local@VContext@v8@@@2@IV?$Local@VValue@v8@@@2@@Z 0000000180003859 f   node:node.exe
 0001:00002865       __imp_load_?EmitAsyncDestroy@node@@YAXPEAVIsolate@v8@@Uasync_context@1@@Z 0000000180003865 f   node:node.exe
 0001:00002871       __imp_load_?MakeCallback@node@@YA?AV?$MaybeLocal@VValue@v8@@@v8@@PEAVIsolate@3@V?$Local@VObject@v8@@@3@V?$Local@VFunction@v8@@@3@HPEAV?$Local@VValue@v8@@@3@Uasync_context@1@@Z 0000000180003871 f   node:node.exe
 0001:0000287d       __imp_load_?EmitAsyncInit@node@@YA?AUasync_context@1@PEAVIsolate@v8@@V?$Local@VObject@v8@@@4@V?$Local@VString@v8@@@4@N@Z 000000018000387d f   node:node.exe
 0001:000028a0       __security_check_cookie    00000001800038a0 f   LIBCMT:amdsecgs.obj
 0001:000028c4       ??2@YAPEAX_K@Z             00000001800038c4 f   LIBCMT:new_scalar.obj
 0001:00002900       ??_V@YAXPEAX@Z             0000000180003900 f   LIBCMT:delete_array.obj
 0001:00002900       ??3@YAXPEAX_K@Z            0000000180003900 f   LIBCMT:delete_scalar_size.obj
 0001:00002908       ??_U@YAPEAX_K@Z            0000000180003908 f   LIBCMT:new_array.obj
 0001:00002c40       _DllMainCRTStartup         0000000180003c40 f   LIBCMT:dll_dllmain.obj
 0001:00002c80       __raise_securityfailure    0000000180003c80 f   LIBCMT:gs_report.obj
 0001:00002cb4       __report_gsfailure         0000000180003cb4 f   LIBCMT:gs_report.obj
 0001:00002d88       __report_rangecheckfailure 0000000180003d88 f   LIBCMT:gs_report.obj
 0001:00002d9c       __report_securityfailure   0000000180003d9c f   LIBCMT:gs_report.obj
 0001:00002f1c       ??0bad_alloc@std@@QEAA@AEBV01@@Z 0000000180003f1c f i LIBCMT:throw_bad_alloc.obj
 0001:00002f5c       ??0bad_alloc@std@@QEAA@XZ  0000000180003f5c f i LIBCMT:throw_bad_alloc.obj
 0001:00002f7c       ??0bad_array_new_length@std@@QEAA@AEBV01@@Z 0000000180003f7c f i LIBCMT:throw_bad_alloc.obj
 0001:00002fbc       ??0bad_array_new_length@std@@QEAA@XZ 0000000180003fbc f i LIBCMT:throw_bad_alloc.obj
 0001:00002fdc       ??0exception@std@@QEAA@AEBV01@@Z 0000000180003fdc f i LIBCMT:throw_bad_alloc.obj
 0001:00003014       ??1bad_alloc@std@@UEAA@XZ  0000000180004014 f i LIBCMT:throw_bad_alloc.obj
 0001:00003014       ??1bad_array_new_length@std@@UEAA@XZ 0000000180004014 f i LIBCMT:throw_bad_alloc.obj
 0001:00003028       ??_Eexception@std@@UEAAPEAXI@Z 0000000180004028 f i LIBCMT:throw_bad_alloc.obj
 0001:00003028       ??_Gbad_array_new_length@std@@UEAAPEAXI@Z 0000000180004028 f i LIBCMT:throw_bad_alloc.obj
 0001:00003028       ??_Gexception@std@@UEAAPEAXI@Z 0000000180004028 f i LIBCMT:throw_bad_alloc.obj
 0001:00003028       ??_Ebad_array_new_length@std@@UEAAPEAXI@Z 0000000180004028 f i LIBCMT:throw_bad_alloc.obj
 0001:00003028       ??_Gbad_alloc@std@@UEAAPEAXI@Z 0000000180004028 f i LIBCMT:throw_bad_alloc.obj
 0001:00003028       ??_Ebad_alloc@std@@UEAAPEAXI@Z 0000000180004028 f i LIBCMT:throw_bad_alloc.obj
 0001:0000306c       ?__scrt_throw_std_bad_alloc@@YAXXZ 000000018000406c f   LIBCMT:throw_bad_alloc.obj
 0001:0000308c       ?__scrt_throw_std_bad_array_new_length@@YAXXZ 000000018000408c f   LIBCMT:throw_bad_alloc.obj
 0001:000030ac       ?what@exception@std@@UEBAPEBDXZ 00000001800040ac f i LIBCMT:throw_bad_alloc.obj
 0001:000030c0       ??3@YAXPEAX@Z              00000001800040c0 f   LIBCMT:delete_scalar.obj
 0001:000030c8       __security_init_cookie     00000001800040c8 f   LIBCMT:gs_support.obj
 0001:00003174       DllMain                    0000000180004174 f   LIBCMT:dll_dllmain_stub.obj
 0001:00003174       _get_startup_argv_mode     0000000180004174 f   LIBCMT:argv_mode.obj
 0001:0000317c       ?__scrt_initialize_type_info@@YAXXZ 000000018000417c f   LIBCMT:tncleanup.obj
 0001:0000318c       ?__scrt_uninitialize_type_info@@YAXXZ 000000018000418c f   LIBCMT:tncleanup.obj
 0001:00003198       __local_stdio_printf_options 0000000180004198 f i LIBCMT:default_local_stdio_options.obj
 0001:000031a0       __local_stdio_scanf_options 00000001800041a0 f i LIBCMT:default_local_stdio_options.obj
 0001:000031a8       __scrt_initialize_default_local_stdio_options 00000001800041a8 f   LIBCMT:default_local_stdio_options.obj
 0001:000031c4       __scrt_acquire_startup_lock 00000001800041c4 f   LIBCMT:utility.obj
 0001:00003200       __scrt_dllmain_after_initialize_c 0000000180004200 f   LIBCMT:utility.obj
 0001:00003234       __scrt_dllmain_before_initialize_c 0000000180004234 f   LIBCMT:utility.obj
 0001:0000324c       __scrt_dllmain_crt_thread_attach 000000018000424c f   LIBCMT:utility.obj
 0001:00003274       __scrt_dllmain_crt_thread_detach 0000000180004274 f   LIBCMT:utility.obj
 0001:0000328c       __scrt_dllmain_exception_filter 000000018000428c f   LIBCMT:utility.obj
 0001:000032ec       __scrt_dllmain_uninitialize_c 00000001800042ec f   LIBCMT:utility.obj
 0001:0000331c       __scrt_dllmain_uninitialize_critical 000000018000431c f   LIBCMT:utility.obj
 0001:00003330       __scrt_initialize_crt      0000000180004330 f   LIBCMT:utility.obj
 0001:0000337c       __scrt_initialize_onexit_tables 000000018000437c f   LIBCMT:utility.obj
 0001:00003454       __scrt_is_nonwritable_in_current_image 0000000180004454 f   LIBCMT:utility.obj
 0001:000034f0       __scrt_release_startup_lock 00000001800044f0 f   LIBCMT:utility.obj
 0001:00003514       __scrt_uninitialize_crt    0000000180004514 f   LIBCMT:utility.obj
 0001:00003540       __scrt_get_dyn_tls_init_callback 0000000180004540 f   LIBCMT:dyn_tls_init.obj
 0001:00003548       __crt_debugger_hook        0000000180004548 f   LIBCMT:utility_desktop.obj
 0001:00003550       __scrt_fastfail            0000000180004550 f   LIBCMT:utility_desktop.obj
 0001:0000369c       _RTC_Initialize            000000018000469c f   LIBCMT:initsect.obj
 0001:000036d8       _RTC_Terminate             00000001800046d8 f   LIBCMT:initsect.obj
 0001:00003714       _guard_check_icall_nop     0000000180004714 f i LIBCMT:guard_support.obj
 0001:00003718       ??_Gtype_info@@UEAAPEAXI@Z 0000000180004718 f i LIBCMT:std_type_info_static.obj
 0001:00003718       ??_Etype_info@@UEAAPEAXI@Z 0000000180004718 f i LIBCMT:std_type_info_static.obj
 0001:00003744       __isa_available_init       0000000180004744 f   LIBCMT:cpu_disp.obj
 0001:000038c0       __scrt_is_ucrt_dll_in_use  00000001800048c0 f   LIBCMT:ucrt_detection.obj
 0001:000038d0       _purecall                  00000001800048d0 f   libvcruntime:purevirt.obj
 0001:00003900       __C_specific_handler       0000000180004900 f   libvcruntime:riscchandler.obj
 0001:00003b0c       __std_exception_copy       0000000180004b0c f   libvcruntime:std_exception.obj
 0001:00003b9c       __std_exception_destroy    0000000180004b9c f   libvcruntime:std_exception.obj
 0001:00003bc4       _CxxThrowException         0000000180004bc4 f   libvcruntime:throw.obj
 0001:00003c84       __std_type_info_destroy_list 0000000180004c84 f   libvcruntime:std_type_info.obj
 0001:00003cb0       __vcrt_initialize          0000000180004cb0 f   libvcruntime:initialization.obj
 0001:00003ce4       __vcrt_thread_attach       0000000180004ce4 f   libvcruntime:initialization.obj
 0001:00003cf8       __vcrt_thread_detach       0000000180004cf8 f   libvcruntime:initialization.obj
 0001:00003d0c       __vcrt_uninitialize        0000000180004d0c f   libvcruntime:initialization.obj
 0001:00003d2c       __vcrt_uninitialize_critical 0000000180004d2c f   libvcruntime:initialization.obj
 0001:00003d50       memset_repmovs             0000000180004d50 f   libvcruntime:memset.obj
 0001:00003d70       memset                     0000000180004d70 f   libvcruntime:memset.obj
 0001:00003f00       __vcrt_initialize_pure_virtual_call_handler 0000000180004f00 f   libvcruntime:purevirt_data.obj
 0001:00003f20       _NLG_Notify                0000000180004f20 f   libvcruntime:notify.obj
 0001:00003f40       __NLG_Dispatch2            0000000180004f40 f   libvcruntime:notify.obj
 0001:00003f50       __NLG_Return2              0000000180004f50 f   libvcruntime:notify.obj
 0001:00003f54       __except_validate_context_record 0000000180004f54 f   libvcruntime:jbcxrval.obj
 0001:00003f8c       __DestructExceptionObject  0000000180004f8c f   libvcruntime:ehhelpers.obj
 0001:00004000       ?_CallMemberFunction0@@YAXQEAX0@Z 0000000180005000 f i libvcruntime:ehhelpers.obj
 0001:00004004       __vcrt_freefls             0000000180005004 f   libvcruntime:per_thread_data.obj
 0001:00004024       __vcrt_freeptd             0000000180005024 f   libvcruntime:per_thread_data.obj
 0001:00004074       __vcrt_getptd_noexit       0000000180005074 f   libvcruntime:per_thread_data.obj
 0001:00004140       __vcrt_initialize_ptd      0000000180005140 f   libvcruntime:per_thread_data.obj
 0001:00004194       __vcrt_uninitialize_ptd    0000000180005194 f   libvcruntime:per_thread_data.obj
 0001:000041b8       __vcrt_initialize_locks    00000001800051b8 f   libvcruntime:locks.obj
 0001:00004200       __vcrt_uninitialize_locks  0000000180005200 f   libvcruntime:locks.obj
 0001:00004410       __vcrt_FlsAlloc            0000000180005410 f   libvcruntime:winapi_downlevel.obj
 0001:00004458       __vcrt_FlsFree             0000000180005458 f   libvcruntime:winapi_downlevel.obj
 0001:000044a0       __vcrt_FlsGetValue         00000001800054a0 f   libvcruntime:winapi_downlevel.obj
 0001:000044e8       __vcrt_FlsSetValue         00000001800054e8 f   libvcruntime:winapi_downlevel.obj
 0001:0000453c       __vcrt_InitializeCriticalSectionEx 000000018000553c f   libvcruntime:winapi_downlevel.obj
 0001:000045a0       __vcrt_initialize_winapi_thunks 00000001800055a0 f   libvcruntime:winapi_downlevel.obj
 0001:000045d0       __vcrt_uninitialize_winapi_thunks 00000001800055d0 f   libvcruntime:winapi_downlevel.obj
 0001:00004620       memcpy_repmovs             0000000180005620 f   libvcruntime:memcpy.obj
 0001:00004640       memcpy                     0000000180005640 f   libvcruntime:memcpy.obj
 0001:00004640       memmove                    0000000180005640 f   libvcruntime:memcpy.obj
 0001:00004a80       _CallSettingFrame          0000000180005a80 f   libvcruntime:handlers.obj
 0001:00004ad0       _CallSettingFrameEncoded   0000000180005ad0 f   libvcruntime:handlers.obj
 0001:00004b18       _dtest                     0000000180005b18 f   libucrt:_test.obj
 0001:00004b7c       ??0_LocaleUpdate@@QEAA@QEAU__crt_locale_pointers@@@Z 0000000180005b7c f i libucrt:stricmp.obj
 0001:00004c18       __ascii_stricmp            0000000180005c18 f   libucrt:stricmp.obj
 0001:00004c58       _stricmp                   0000000180005c58 f   libucrt:stricmp.obj
 0001:00004ca0       _stricmp_l                 0000000180005ca0 f   libucrt:stricmp.obj
 0001:00004d54       __acrt_initialize_new_handler 0000000180005d54 f   libucrt:new_handler.obj
 0001:00004d5c       _callnewh                  0000000180005d5c f   libucrt:new_handler.obj
 0001:00004d8c       _query_new_handler         0000000180005d8c f   libucrt:new_handler.obj
 0001:00004dc0       malloc                     0000000180005dc0 f   libucrt:malloc.obj
 0001:00004dc8       _initterm                  0000000180005dc8 f   libucrt:initterm.obj
 0001:00004e2c       _initterm_e                0000000180005e2c f   libucrt:initterm.obj
 0001:00004e6c       free                       0000000180005e6c f   libucrt:free.obj
 0001:00004e80       _seh_filter_dll            0000000180005e80 f   libucrt:exception_filter.obj
 0001:00004e94       _seh_filter_exe            0000000180005e94 f   libucrt:exception_filter.obj
 0001:00005284       __acrt_initialize_thread_local_exit_callback 0000000180006284 f   libucrt:exit.obj
 0001:0000528c       _cexit                     000000018000628c f   libucrt:exit.obj
 0001:0000529c       _exit                      000000018000629c f   libucrt:exit.obj
 0001:000052a8       _is_c_termination_complete 00000001800062a8 f   libucrt:exit.obj
 0001:00005474       __acrt_allocate_buffer_for_argv 0000000180006474 f   libucrt:argv_parsing.obj
 0001:000054d4       _configure_narrow_argv     00000001800064d4 f   libucrt:argv_parsing.obj
 0001:0000584c       __dcrt_uninitialize_environments_nolock 000000018000684c f   libucrt:environment_initialization.obj
 0001:00005884       _initialize_narrow_environment 0000000180006884 f   libucrt:environment_initialization.obj
 0001:000059e0       _execute_onexit_table      00000001800069e0 f   libucrt:onexit.obj
 0001:00005a1c       _initialize_onexit_table   0000000180006a1c f   libucrt:onexit.obj
 0001:00005a7c       __acrt_uninitialize_command_line 0000000180006a7c f   libucrt:argv_data.obj
 0001:00005b74       __acrt_initialize          0000000180006b74 f   libucrt:initialization.obj
 0001:00005b88       __acrt_thread_attach       0000000180006b88 f   libucrt:initialization.obj
 0001:00005b9c       __acrt_thread_detach       0000000180006b9c f   libucrt:initialization.obj
 0001:00005bac       __acrt_uninitialize        0000000180006bac f   libucrt:initialization.obj
 0001:00005be4       __acrt_uninitialize_critical 0000000180006be4 f   libucrt:initialization.obj
 0001:00005bf4       terminate                  0000000180006bf4 f   libucrt:terminate.obj
 0001:00005c14       abort                      0000000180006c14 f   libucrt:abort.obj
 0001:00005c6c       strcpy_s                   0000000180006c6c f   libucrt:strcpy_s.obj
 0001:00005ce0       strncmp                    0000000180006ce0 f   libucrt:strncmp.obj
 0001:00005d60       calloc                     0000000180006d60 f   libucrt:calloc.obj
 0001:00005d68       wcsncmp                    0000000180006d68 f   libucrt:wcsncmp.obj
 0001:00005d94       __acrt_errno_from_os_error 0000000180006d94 f   libucrt:errno.obj
 0001:00005ddc       __acrt_errno_map_os_error  0000000180006ddc f   libucrt:errno.obj
 0001:00005e2c       __doserrno                 0000000180006e2c f   libucrt:errno.obj
 0001:00005e4c       _errno                     0000000180006e4c f   libucrt:errno.obj
 0001:00005e6c       __acrt_call_reportfault    0000000180006e6c f   libucrt:invalid_parameter.obj
 0001:00005fc8       __acrt_initialize_invalid_parameter_handler 0000000180006fc8 f   libucrt:invalid_parameter.obj
 0001:00005fd0       _invalid_parameter         0000000180006fd0 f   libucrt:invalid_parameter.obj
 0001:00006080       _invalid_parameter_noinfo  0000000180007080 f   libucrt:invalid_parameter.obj
 0001:000060a0       _invoke_watson             00000001800070a0 f   libucrt:invalid_parameter.obj
 0001:00006148       _tolower_l                 0000000180007148 f   libucrt:tolower_toupper.obj
 0001:00006600       __acrt_freeptd             0000000180007600 f   libucrt:per_thread_data.obj
 0001:00006644       __acrt_getptd              0000000180007644 f   libucrt:per_thread_data.obj
 0001:00006718       __acrt_getptd_head         0000000180007718 f   libucrt:per_thread_data.obj
 0001:000067c0       __acrt_getptd_noexit       00000001800077c0 f   libucrt:per_thread_data.obj
 0001:0000688c       __acrt_initialize_ptd      000000018000788c f   libucrt:per_thread_data.obj
 0001:000068c8       __acrt_uninitialize_ptd    00000001800078c8 f   libucrt:per_thread_data.obj
 0001:000068ec       __acrt_update_locale_info  00000001800078ec f   libucrt:locale_update.obj
 0001:00006920       __acrt_update_multibyte_info 0000000180007920 f   libucrt:locale_update.obj
 0001:000069c4       __acrt_set_locale_changed  00000001800079c4 f   libucrt:wsetlocale.obj
 0001:000069d0       __acrt_uninitialize_locale 00000001800079d0 f   libucrt:wsetlocale.obj
 0001:00006a00       __acrt_initialize_locks    0000000180007a00 f   libucrt:locks.obj
 0001:00006a48       __acrt_lock                0000000180007a48 f   libucrt:locks.obj
 0001:00006a64       __acrt_uninitialize_locks  0000000180007a64 f   libucrt:locks.obj
 0001:00006a9c       __acrt_unlock              0000000180007a9c f   libucrt:locks.obj
 0001:00006ab8       _malloc_base               0000000180007ab8 f   libucrt:malloc_base.obj
 0001:00006b18       _free_base                 0000000180007b18 f   libucrt:free_base.obj
 0001:00006b58       __acrt_get_process_end_policy 0000000180007b58 f   libucrt:win_policies.obj
 0001:00006b94       _calloc_base               0000000180007b94 f   libucrt:calloc_base.obj
 0001:00006c20       ??$__acrt_mbs_to_wcs_cp@U__crt_win32_buffer_internal_dynamic_resizing@@@@YAHQEBDAEAV?$__crt_win32_buffer@_WU__crt_win32_buffer_internal_dynamic_resizing@@@@I@Z 0000000180007c20 f i libucrt:argv_wildcards.obj
 0001:00006d98       ??$__acrt_wcs_to_mbs_cp@U__crt_win32_buffer_internal_dynamic_resizing@@@@YAHQEB_WAEAV?$__crt_win32_buffer@DU__crt_win32_buffer_internal_dynamic_resizing@@@@I@Z 0000000180007d98 f i libucrt:argv_wildcards.obj
 0001:000075c8       __acrt_expand_narrow_argv_wildcards 00000001800085c8 f   libucrt:argv_wildcards.obj
 0001:000075d0       ??$__acrt_wcs_to_mbs_cp@U__crt_win32_buffer_no_resizing@@@@YAHQEB_WAEAV?$__crt_win32_buffer@DU__crt_win32_buffer_no_resizing@@@@I@Z 00000001800085d0 f i libucrt:getmodulefilenamea.obj
 0001:000076e4       __acrt_GetModuleFileNameA  00000001800086e4 f   libucrt:getmodulefilenamea.obj
 0001:00007f30       __acrt_initialize_multibyte 0000000180008f30 f   libucrt:mbctype.obj
 0001:00007f90       __acrt_update_thread_multibyte_data 0000000180008f90 f   libucrt:mbctype.obj
 0001:00007fac       _setmbcp_nolock            0000000180008fac f   libucrt:mbctype.obj
 0001:000082e0       _ismbblead                 00000001800092e0 f   libucrt:ismbbyte.obj
 0001:000082f4       __acrt_initialize_command_line 00000001800092f4 f   libucrt:argv_data.obj
 0001:0000831c       __acrt_MultiByteToWideChar 000000018000931c f   libucrt:multibytetowidechar.obj
 0001:00008378       __acrt_WideCharToMultiByte 0000000180009378 f   libucrt:widechartomultibyte.obj
 0001:00008410       __dcrt_get_narrow_environment_from_os 0000000180009410 f   libucrt:get_environment_from_os.obj
 0001:00008514       _recalloc_base             0000000180009514 f   libucrt:recalloc.obj
 0001:00008784       __acrt_AppPolicyGetProcessTerminationMethodInternal 0000000180009784 f   libucrt:winapi_thunks.obj
 0001:000087d4       __acrt_AreFileApisANSI     00000001800097d4 f   libucrt:winapi_thunks.obj
 0001:00008810       __acrt_FlsAlloc            0000000180009810 f   libucrt:winapi_thunks.obj
 0001:00008858       __acrt_FlsFree             0000000180009858 f   libucrt:winapi_thunks.obj
 0001:000088a0       __acrt_FlsGetValue         00000001800098a0 f   libucrt:winapi_thunks.obj
 0001:000088e8       __acrt_FlsSetValue         00000001800098e8 f   libucrt:winapi_thunks.obj
 0001:0000893c       __acrt_InitializeCriticalSectionEx 000000018000993c f   libucrt:winapi_thunks.obj
 0001:000089a0       __acrt_LCMapStringEx       00000001800099a0 f   libucrt:winapi_thunks.obj
 0001:00008a7c       __acrt_LocaleNameToLCID    0000000180009a7c f   libucrt:winapi_thunks.obj
 0001:00008acc       __acrt_initialize_winapi_thunks 0000000180009acc f   libucrt:winapi_thunks.obj
 0001:00008b00       __acrt_uninitialize_winapi_thunks 0000000180009b00 f   libucrt:winapi_thunks.obj
 0001:00008b44       __acrt_initialize_heap     0000000180009b44 f   libucrt:heap_handle.obj
 0001:00008b60       __acrt_uninitialize_heap   0000000180009b60 f   libucrt:heap_handle.obj
 0001:00008d68       __acrt_initialize_lowio    0000000180009d68 f   libucrt:ioinit.obj
 0001:00008da4       __acrt_uninitialize_lowio  0000000180009da4 f   libucrt:ioinit.obj
 0001:00008de4       __acrt_execute_initializers 0000000180009de4 f   libucrt:shared_initialization.obj
 0001:00008e64       __acrt_execute_uninitializers 0000000180009e64 f   libucrt:shared_initialization.obj
 0001:00008ee8       __acrt_get_sigabrt_handler 0000000180009ee8 f   libucrt:signal.obj
 0001:00008f18       __acrt_initialize_signal_handlers 0000000180009f18 f   libucrt:signal.obj
 0001:00008f38       raise                      0000000180009f38 f   libucrt:signal.obj
 0001:000091a4       __acrt_has_user_matherr    000000018000a1a4 f   libucrt:matherr.obj
 0001:000091c4       __acrt_initialize_user_matherr 000000018000a1c4 f   libucrt:matherr.obj
 0001:000091cc       __acrt_invoke_user_matherr 000000018000a1cc f   libucrt:matherr.obj
 0001:000093d8       __acrt_stdio_flush_nolock  000000018000a3d8 f   libucrt:fflush.obj
 0001:00009454       _fflush_nolock             000000018000a454 f   libucrt:fflush.obj
 0001:000094a0       _flushall                  000000018000a4a0 f   libucrt:fflush.obj
 0001:000094a8       __acrt_initialize_stdio    000000018000a4a8 f   libucrt:_file.obj
 0001:000095c8       __acrt_uninitialize_stdio  000000018000a5c8 f   libucrt:_file.obj
 0001:00009624       _lock_file                 000000018000a624 f   libucrt:_file.obj
 0001:00009630       _unlock_file               000000018000a630 f   libucrt:_file.obj
 0001:0000963c       _mbtowc_l                  000000018000a63c f   libucrt:mbtowc.obj
 0001:000097b8       mbtowc                     000000018000a7b8 f   libucrt:mbtowc.obj
 0001:000097c0       _fileno                    000000018000a7c0 f   libucrt:fileno.obj
 0001:000097e8       __pctype_func              000000018000a7e8 f   libucrt:ctype.obj
 0001:00009818       _isctype_l                 000000018000a818 f   libucrt:isctype.obj
 0001:00009928       _isleadbyte_l              000000018000a928 f i libucrt:_wctype.obj
 0001:00009c8c       __acrt_LCMapStringA        000000018000ac8c f   libucrt:lcmapstringa.obj
 0001:00009d24       __acrt_add_locale_ref      000000018000ad24 f   libucrt:locale_refcounting.obj
 0001:00009db0       __acrt_free_locale         000000018000adb0 f   libucrt:locale_refcounting.obj
 0001:00009f28       __acrt_locale_add_lc_time_reference 000000018000af28 f   libucrt:locale_refcounting.obj
 0001:00009f50       __acrt_locale_free_lc_time_if_unreferenced 000000018000af50 f   libucrt:locale_refcounting.obj
 0001:00009f88       __acrt_locale_release_lc_time_reference 000000018000af88 f   libucrt:locale_refcounting.obj
 0001:00009fb0       __acrt_release_locale_ref  000000018000afb0 f   libucrt:locale_refcounting.obj
 0001:0000a058       __acrt_update_thread_locale_data 000000018000b058 f   libucrt:locale_refcounting.obj
 0001:0000a0c8       _updatetlocinfoEx_nolock   000000018000b0c8 f   libucrt:locale_refcounting.obj
 0001:0000a130       __acrt_locale_free_monetary 000000018000b130 f   libucrt:initmon.obj
 0001:0000a23c       __acrt_locale_free_numeric 000000018000b23c f   libucrt:initnum.obj
 0001:0000a300       __acrt_locale_free_time    000000018000b300 f   libucrt:inittime.obj
 0001:0000a408       __acrt_GetStringTypeA      000000018000b408 f   libucrt:getstringtypea.obj
 0001:0000a598       _query_new_mode            000000018000b598 f   libucrt:new_mode.obj
 0001:0000a5a0       qsort                      000000018000b5a0 f   libucrt:qsort.obj
 0001:0000a960       strncpy_s                  000000018000b960 f   libucrt:strncpy_s.obj
 0001:0000aae0       strpbrk                    000000018000bae0 f   libucrt:strpbrk.obj
 0001:0000aec0       _mbsdec                    000000018000bec0 f   libucrt:mbsdec.obj
 0001:0000aec8       _mbsdec_l                  000000018000bec8 f   libucrt:mbsdec.obj
 0001:0000af74       _msize_base                000000018000bf74 f   libucrt:msize.obj
 0001:0000afb0       _realloc_base              000000018000bfb0 f   libucrt:realloc_base.obj
 0001:0000b114       __acrt_DownlevelLocaleNameToLCID 000000018000c114 f   libucrt:lcidtoname_downlevel.obj
 0001:0000b148       __acrt_lowio_create_handle_array 000000018000c148 f   libucrt:osfinfo.obj
 0001:0000b1f0       __acrt_lowio_destroy_handle_array 000000018000c1f0 f   libucrt:osfinfo.obj
 0001:0000b240       __acrt_lowio_ensure_fh_exists 000000018000c240 f   libucrt:osfinfo.obj
 0001:0000b2e8       __acrt_lowio_lock_fh       000000018000c2e8 f   libucrt:osfinfo.obj
 0001:0000b310       __acrt_lowio_unlock_fh     000000018000c310 f   libucrt:osfinfo.obj
 0001:0000b338       _free_osfhnd               000000018000c338 f   libucrt:osfinfo.obj
 0001:0000b3f4       _get_osfhandle             000000018000c3f4 f   libucrt:osfinfo.obj
 0001:0000b4f8       _commit                    000000018000c4f8 f   libucrt:commit.obj
 0001:0000bdf8       _write                     000000018000cdf8 f   libucrt:write.obj
 0001:0000bee4       _write_nolock              000000018000cee4 f   libucrt:write.obj
 0001:0000c1c0       _fcloseall                 000000018000d1c0 f   libucrt:closeall.obj
 0001:0000c274       __acrt_stdio_free_buffer_nolock 000000018000d274 f   libucrt:_freebuf.obj
 0001:0000c2b4       _isatty                    000000018000d2b4 f   libucrt:isatty.obj
 0001:0000c314       ?__mbrtowc_utf8@__crt_mbstring@@YA_KPEA_WPEBD_KPEAU_Mbstatet@@@Z 000000018000d314 f   libucrt:mbrtowc.obj
 0001:0000c350       ?__mbsrtowcs_utf8@__crt_mbstring@@YA_KPEA_WPEAPEBD_KPEAU_Mbstatet@@@Z 000000018000d350 f   libucrt:mbrtowc.obj
 0001:0000c4c8       __strncnt                  000000018000d4c8 f   libucrt:strncnt.obj
 0001:0000c4e0       _query_app_type            000000018000d4e0 f   libucrt:report_runtime_error.obj
 0001:0000c584       _lseeki64_nolock           000000018000d584 f   libucrt:lseek.obj
 0001:0000c58c       _putwch_nolock             000000018000d58c f   libucrt:putwch.obj
 0001:0000c5c8       _fclose_nolock             000000018000d5c8 f   libucrt:fclose.obj
 0001:0000c64c       fclose                     000000018000d64c f   libucrt:fclose.obj
 0001:0000c6b0       ?__mbrtoc32_utf8@__crt_mbstring@@YA_KPEA_UPEBD_KPEAU_Mbstatet@@@Z 000000018000d6b0 f   libucrt:mbrtoc32.obj
 0001:0000c890       log10                      000000018000d890 f   libucrt:log10.obj
 0001:0000ce3c       __dcrt_lowio_ensure_console_output_initialized 000000018000de3c f   libucrt:initcon.obj
 0001:0000ce90       __dcrt_terminate_console_output 000000018000de90 f   libucrt:initcon.obj
 0001:0000ceac       __dcrt_write_console       000000018000deac f   libucrt:initcon.obj
 0001:0000cfe0       _close                     000000018000dfe0 f   libucrt:close.obj
 0001:0000d084       _close_nolock              000000018000e084 f   libucrt:close.obj
 0001:0000d144       ?__acrt_stdio_free_stream@@YAXV__crt_stdio_stream@@@Z 000000018000e144 f   libucrt:stream.obj
 0001:0000d284       _handle_error              000000018000e284 f   libucrt:libm_error.obj
 0001:0000d3b0       __acrt_initialize_fma3     000000018000e3b0 f   libucrt:fma3_available.obj
 0001:0000d420       _log10_special             000000018000e420 f   libucrt:log_special.obj
 0001:0000d4f0       _get_fpsr                  000000018000e4f0 f   libucrt:fpsr.obj
 0001:0000d500       _set_fpsr                  000000018000e500 f   libucrt:fpsr.obj
 0001:0000d50a       _fclrf                     000000018000e50a f   libucrt:fpsr.obj
 0001:0000d51e       _frnd                      000000018000e51e f   libucrt:fpsr.obj
 0001:0000d540       _raise_exc                 000000018000e540 f   libucrt:fpexcept.obj
 0001:0000d568       _raise_exc_ex              000000018000e568 f   libucrt:fpexcept.obj
 0001:0000d878       _set_errno_from_matherr    000000018000e878 f   libucrt:fpexcept.obj
 0001:0000d8a8       _clrfp                     000000018000e8a8 f   libucrt:fpctrl.obj
 0001:0000d8c8       _ctrlfp                    000000018000e8c8 f   libucrt:fpctrl.obj
 0001:0000d944       _set_statfp                000000018000e944 f   libucrt:fpctrl.obj
 0001:0000d964       _statfp                    000000018000e964 f   libucrt:fpctrl.obj
 0001:0000d975       IsProcessorFeaturePresent  000000018000e975 f   kernel32:KERNEL32.dll
 0001:0000d97c       ?DloadAcquireSectionWriteAccess@@YAXXZ 000000018000e97c f i DelayImp:delayhlp.obj
 0001:0000da28       ?DloadGetSRWLockFunctionPointers@@YAEXZ 000000018000ea28 f i DelayImp:delayhlp.obj
 0001:0000dac4       ?DloadMakePermanentImageCommit@@YAXPEAX_K@Z 000000018000eac4 f i DelayImp:delayhlp.obj
 0001:0000db5c       ?DloadObtainSection@@YAPEAXPEAK0@Z 000000018000eb5c f i DelayImp:delayhlp.obj
 0001:0000dbf8       ?DloadProtectSection@@YAXKPEAK@Z 000000018000ebf8 f i DelayImp:delayhlp.obj
 0001:0000dc88       ?DloadReleaseSectionWriteAccess@@YAXXZ 000000018000ec88 f i DelayImp:delayhlp.obj
 0001:0000dd1c       __delayLoadHelper2         000000018000ed1c f   DelayImp:delayhlp.obj
 0001:0000dfe0       _FindPESection             000000018000efe0 f   LIBCMT:pesect.obj
 0001:0000e030       _IsNonwritableInCurrentImage 000000018000f030 f   LIBCMT:pesect.obj
 0001:0000e080       _ValidateImageBase         000000018000f080 f   LIBCMT:pesect.obj
 0001:0000e0b0       __GSHandlerCheck           000000018000f0b0 f   LIBCMT:gshandler.obj
 0001:0000e0d0       __GSHandlerCheckCommon     000000018000f0d0 f   LIBCMT:gshandler.obj
 0001:0000e140       __chkstk                   000000018000f140 f   LIBCMT:chkstk.obj
 0001:0000e140       _alloca_probe              000000018000f140 f   LIBCMT:chkstk.obj
 0001:0000e1b0       memcmp                     000000018000f1b0 f   libvcruntime:memcmp.obj
 0001:0000e290       _guard_dispatch_icall_nop  000000018000f290 f   LIBCMT:guard_dispatch.obj
 0002:00000000       __imp_Sleep                0000000180010000     kernel32:KERNEL32.dll
 0002:00000008       __imp_Process32First       0000000180010008     kernel32:KERNEL32.dll
 0002:00000010       __imp_GetSystemTimes       0000000180010010     kernel32:KERNEL32.dll
 0002:00000018       __imp_OpenProcess          0000000180010018     kernel32:KERNEL32.dll
 0002:00000020       __imp_CreateToolhelp32Snapshot 0000000180010020     kernel32:KERNEL32.dll
 0002:00000028       __imp_Process32Next        0000000180010028     kernel32:KERNEL32.dll
 0002:00000030       __imp_CloseHandle          0000000180010030     kernel32:KERNEL32.dll
 0002:00000038       __imp_GetProcessTimes      0000000180010038     kernel32:KERNEL32.dll
 0002:00000040       __imp_HeapFree             0000000180010040     kernel32:KERNEL32.dll
 0002:00000048       __imp_GetModuleHandleA     0000000180010048     kernel32:KERNEL32.dll
 0002:00000050       __imp_HeapAlloc            0000000180010050     kernel32:KERNEL32.dll
 0002:00000058       __imp_GetProcAddress       0000000180010058     kernel32:KERNEL32.dll
 0002:00000060       __imp_ReadProcessMemory    0000000180010060     kernel32:KERNEL32.dll
 0002:00000068       __imp_GetProcessHeap       0000000180010068     kernel32:KERNEL32.dll
 0002:00000070       __imp_WideCharToMultiByte  0000000180010070     kernel32:KERNEL32.dll
 0002:00000078       __imp_LoadLibraryExA       0000000180010078     kernel32:KERNEL32.dll
 0002:00000080       __imp_VirtualQuery         0000000180010080     kernel32:KERNEL32.dll
 0002:00000088       __imp_VirtualProtect       0000000180010088     kernel32:KERNEL32.dll
 0002:00000090       __imp_RtlCaptureContext    0000000180010090     kernel32:KERNEL32.dll
 0002:00000098       __imp_RtlLookupFunctionEntry 0000000180010098     kernel32:KERNEL32.dll
 0002:000000a0       __imp_RtlVirtualUnwind     00000001800100a0     kernel32:KERNEL32.dll
 0002:000000a8       __imp_UnhandledExceptionFilter 00000001800100a8     kernel32:KERNEL32.dll
 0002:000000b0       __imp_SetUnhandledExceptionFilter 00000001800100b0     kernel32:KERNEL32.dll
 0002:000000b8       __imp_GetCurrentProcess    00000001800100b8     kernel32:KERNEL32.dll
 0002:000000c0       __imp_TerminateProcess     00000001800100c0     kernel32:KERNEL32.dll
 0002:000000c8       __imp_IsProcessorFeaturePresent 00000001800100c8     kernel32:KERNEL32.dll
 0002:000000d0       __imp_QueryPerformanceCounter 00000001800100d0     kernel32:KERNEL32.dll
 0002:000000d8       __imp_GetCurrentProcessId  00000001800100d8     kernel32:KERNEL32.dll
 0002:000000e0       __imp_GetCurrentThreadId   00000001800100e0     kernel32:KERNEL32.dll
 0002:000000e8       __imp_GetSystemTimeAsFileTime 00000001800100e8     kernel32:KERNEL32.dll
 0002:000000f0       __imp_InitializeSListHead  00000001800100f0     kernel32:KERNEL32.dll
 0002:000000f8       __imp_IsDebuggerPresent    00000001800100f8     kernel32:KERNEL32.dll
 0002:00000100       __imp_GetStartupInfoW      0000000180010100     kernel32:KERNEL32.dll
 0002:00000108       __imp_GetModuleHandleW     0000000180010108     kernel32:KERNEL32.dll
 0002:00000110       __imp_RtlUnwindEx          0000000180010110     kernel32:KERNEL32.dll
 0002:00000118       __imp_RtlPcToFileHeader    0000000180010118     kernel32:KERNEL32.dll
 0002:00000120       __imp_RaiseException       0000000180010120     kernel32:KERNEL32.dll
 0002:00000128       __imp_InterlockedFlushSList 0000000180010128     kernel32:KERNEL32.dll
 0002:00000130       __imp_GetLastError         0000000180010130     kernel32:KERNEL32.dll
 0002:00000138       __imp_SetLastError         0000000180010138     kernel32:KERNEL32.dll
 0002:00000140       __imp_EnterCriticalSection 0000000180010140     kernel32:KERNEL32.dll
 0002:00000148       __imp_LeaveCriticalSection 0000000180010148     kernel32:KERNEL32.dll
 0002:00000150       __imp_DeleteCriticalSection 0000000180010150     kernel32:KERNEL32.dll
 0002:00000158       __imp_InitializeCriticalSectionAndSpinCount 0000000180010158     kernel32:KERNEL32.dll
 0002:00000160       __imp_TlsAlloc             0000000180010160     kernel32:KERNEL32.dll
 0002:00000168       __imp_TlsGetValue          0000000180010168     kernel32:KERNEL32.dll
 0002:00000170       __imp_TlsSetValue          0000000180010170     kernel32:KERNEL32.dll
 0002:00000178       __imp_TlsFree              0000000180010178     kernel32:KERNEL32.dll
 0002:00000180       __imp_FreeLibrary          0000000180010180     kernel32:KERNEL32.dll
 0002:00000188       __imp_LoadLibraryExW       0000000180010188     kernel32:KERNEL32.dll
 0002:00000190       __imp_ExitProcess          0000000180010190     kernel32:KERNEL32.dll
 0002:00000198       __imp_GetModuleHandleExW   0000000180010198     kernel32:KERNEL32.dll
 0002:000001a0       __imp_GetModuleFileNameW   00000001800101a0     kernel32:KERNEL32.dll
 0002:000001a8       __imp_FindClose            00000001800101a8     kernel32:KERNEL32.dll
 0002:000001b0       __imp_FindFirstFileExW     00000001800101b0     kernel32:KERNEL32.dll
 0002:000001b8       __imp_FindNextFileW        00000001800101b8     kernel32:KERNEL32.dll
 0002:000001c0       __imp_IsValidCodePage      00000001800101c0     kernel32:KERNEL32.dll
 0002:000001c8       __imp_GetACP               00000001800101c8     kernel32:KERNEL32.dll
 0002:000001d0       __imp_GetOEMCP             00000001800101d0     kernel32:KERNEL32.dll
 0002:000001d8       __imp_GetCPInfo            00000001800101d8     kernel32:KERNEL32.dll
 0002:000001e0       __imp_GetCommandLineA      00000001800101e0     kernel32:KERNEL32.dll
 0002:000001e8       __imp_GetCommandLineW      00000001800101e8     kernel32:KERNEL32.dll
 0002:000001f0       __imp_MultiByteToWideChar  00000001800101f0     kernel32:KERNEL32.dll
 0002:000001f8       __imp_GetEnvironmentStringsW 00000001800101f8     kernel32:KERNEL32.dll
 0002:00000200       __imp_FreeEnvironmentStringsW 0000000180010200     kernel32:KERNEL32.dll
 0002:00000208       __imp_LCMapStringW         0000000180010208     kernel32:KERNEL32.dll
 0002:00000210       __imp_GetStdHandle         0000000180010210     kernel32:KERNEL32.dll
 0002:00000218       __imp_GetFileType          0000000180010218     kernel32:KERNEL32.dll
 0002:00000220       __imp_GetStringTypeW       0000000180010220     kernel32:KERNEL32.dll
 0002:00000228       __imp_HeapSize             0000000180010228     kernel32:KERNEL32.dll
 0002:00000230       __imp_HeapReAlloc          0000000180010230     kernel32:KERNEL32.dll
 0002:00000238       __imp_SetStdHandle         0000000180010238     kernel32:KERNEL32.dll
 0002:00000240       __imp_FlushFileBuffers     0000000180010240     kernel32:KERNEL32.dll
 0002:00000248       __imp_WriteFile            0000000180010248     kernel32:KERNEL32.dll
 0002:00000250       __imp_GetConsoleCP         0000000180010250     kernel32:KERNEL32.dll
 0002:00000258       __imp_GetConsoleMode       0000000180010258     kernel32:KERNEL32.dll
 0002:00000260       __imp_SetFilePointerEx     0000000180010260     kernel32:KERNEL32.dll
 0002:00000268       __imp_CreateFileW          0000000180010268     kernel32:KERNEL32.dll
 0002:00000270       __imp_WriteConsoleW        0000000180010270     kernel32:KERNEL32.dll
 0002:00000278       __imp_GetSystemInfo        0000000180010278     kernel32:KERNEL32.dll
 0002:00000280       \177KERNEL32_NULL_THUNK_DATA 0000000180010280     kernel32:KERNEL32.dll
 0002:00000288       __imp_GetProcessMemoryInfo 0000000180010288     psapi:PSAPI.DLL
 0002:00000290       \177PSAPI_NULL_THUNK_DATA  0000000180010290     psapi:PSAPI.DLL
 0002:00000298       __guard_check_icall_fptr   0000000180010298     LIBCMT:guard_support.obj
 0002:000002a0       __guard_dispatch_icall_fptr 00000001800102a0     LIBCMT:guard_support.obj
 0002:000002a8       __xc_a                     00000001800102a8     LIBCMT:initializers.obj
 0002:000002b0       _register_hello_           00000001800102b0     addon.obj
 0002:000002b8       __xc_z                     00000001800102b8     LIBCMT:initializers.obj
 0002:000002c0       __xi_a                     00000001800102c0     LIBCMT:initializers.obj
 0002:000002c8       __acrt_multibyte_initializer 00000001800102c8     libucrt:multibyte_initializer.obj
 0002:000002d0       __acrt_stdio_initializer   00000001800102d0     libucrt:stdio_initializer.obj
 0002:000002d8       __acrt_tran_fma3_initializer 00000001800102d8     libucrt:fma3_initializer.obj
 0002:000002e0       __xi_z                     00000001800102e0     LIBCMT:initializers.obj
 0002:000002e8       __xp_a                     00000001800102e8     LIBCMT:initializers.obj
 0002:000002f0       __acrt_locale_terminator   00000001800102f0     libucrt:locale_initializer.obj
 0002:000002f8       __dcrt_console_output_terminator 00000001800102f8     libucrt:console_output_initializer.obj
 0002:00000300       __acrt_stdio_terminator    0000000180010300     libucrt:stdio_initializer.obj
 0002:00000308       __xp_z                     0000000180010308     LIBCMT:initializers.obj
 0002:00000310       __xt_a                     0000000180010310     LIBCMT:initializers.obj
 0002:00000318       __xt_z                     0000000180010318     LIBCMT:initializers.obj
 0002:00000320       __sz_node_exe              0000000180010320     node:node.exe
 0002:00000330       _pDefaultRawDllMain        0000000180010330     LIBCMT:dll_dllmain.obj
 0002:00000330       _pRawDllMain               0000000180010330     LIBCMT:dll_dllmain.obj
 0002:00000350       ??_7exception@std@@6B@     0000000180010350     LIBCMT:throw_bad_alloc.obj
 0002:00000360       ??_C@_0BC@EOODALEL@Unknown?5exception@ 0000000180010360     LIBCMT:throw_bad_alloc.obj
 0002:00000380       ??_7bad_alloc@std@@6B@     0000000180010380     LIBCMT:throw_bad_alloc.obj
 0002:00000390       ??_C@_0P@GHFPNOJB@bad?5allocation@ 0000000180010390     LIBCMT:throw_bad_alloc.obj
 0002:000003a8       ??_7bad_array_new_length@std@@6B@ 00000001800103a8     LIBCMT:throw_bad_alloc.obj
 0002:000003b8       ??_C@_0BF@KINCDENJ@bad?5array?5new?5length@ 00000001800103b8     LIBCMT:throw_bad_alloc.obj
 0002:000003d8       ??_7type_info@@6B@         00000001800103d8     LIBCMT:std_type_info_static.obj
 0002:00000420       _pDestructExceptionObject  0000000180010420     libvcruntime:ehhelpers.obj
 0002:00000768       ??_C@_08EHJDFFNH@__based?$CI@ 0000000180010768     libvcruntime:undname.obj
 0002:00000778       ??_C@_07KOLFKCDI@__cdecl@  0000000180010778     libvcruntime:undname.obj
 0002:00000780       ??_C@_08GHMPAG@__pascal@   0000000180010780     libvcruntime:undname.obj
 0002:00000790       ??_C@_09IFJBGAPI@__stdcall@ 0000000180010790     libvcruntime:undname.obj
 0002:000007a0       ??_C@_0L@NPHFGOKO@__thiscall@ 00000001800107a0     libvcruntime:undname.obj
 0002:000007b0       ??_C@_0L@JMKHOMEK@__fastcall@ 00000001800107b0     libvcruntime:undname.obj
 0002:000007c0       ??_C@_0N@BCKKPABJ@__vectorcall@ 00000001800107c0     libvcruntime:undname.obj
 0002:000007d0       ??_C@_09HIJEGCPM@__clrcall@ 00000001800107d0     libvcruntime:undname.obj
 0002:000007dc       ??_C@_06GHPCKEAG@__eabi@   00000001800107dc     libvcruntime:undname.obj
 0002:000007e8       ??_C@_09IOPIDJLG@__swift_1@ 00000001800107e8     libvcruntime:undname.obj
 0002:000007f8       ??_C@_09KFNFGKHF@__swift_2@ 00000001800107f8     libvcruntime:undname.obj
 0002:00000808       ??_C@_07JOMMBBKO@__ptr64@  0000000180010808     libvcruntime:undname.obj
 0002:00000810       ??_C@_0L@PILCLIHE@__restrict@ 0000000180010810     libvcruntime:undname.obj
 0002:00000820       ??_C@_0M@GFIIJFMG@__unaligned@ 0000000180010820     libvcruntime:undname.obj
 0002:00000830       ??_C@_09DHDLOLLB@restrict?$CI@ 0000000180010830     libvcruntime:undname.obj
 0002:0000083a       ??_C@_00CNPNBAHC@@         000000018001083a     libvcruntime:undname.obj
 0002:0000083c       ??_C@_04NIHEBCM@?5new@     000000018001083c     libvcruntime:undname.obj
 0002:00000848       ??_C@_07FPCDHGMM@?5delete@ 0000000180010848     libvcruntime:undname.obj
 0002:00000850       ??_C@_01NEMOKFLO@?$DN@     0000000180010850     libvcruntime:undname.obj
 0002:00000854       ??_C@_02GPIOPFAK@?$DO?$DO@ 0000000180010854     libvcruntime:undname.obj
 0002:00000858       ??_C@_02FODMEDOG@?$DM?$DM@ 0000000180010858     libvcruntime:undname.obj
 0002:0000085c       ??_C@_01DCLJPIOD@?$CB@     000000018001085c     libvcruntime:undname.obj
 0002:00000860       ??_C@_02EGOFBIJA@?$DN?$DN@ 0000000180010860     libvcruntime:undname.obj
 0002:00000864       ??_C@_02FDNJECIE@?$CB?$DN@ 0000000180010864     libvcruntime:undname.obj
 0002:00000868       ??_C@_02GPECMEKF@?$FL?$FN@ 0000000180010868     libvcruntime:undname.obj
 0002:00000870       ??_C@_08LHJFAFGD@operator@ 0000000180010870     libvcruntime:undname.obj
 0002:0000087c       ??_C@_02HBOOOICD@?9?$DO@   000000018001087c     libvcruntime:undname.obj
 0002:00000880       ??_C@_01NBENCBCI@?$CK@     0000000180010880     libvcruntime:undname.obj
 0002:00000884       ??_C@_02ECNGHCIF@?$CL?$CL@ 0000000180010884     libvcruntime:undname.obj
 0002:00000888       ??_C@_02BAABKJLB@?9?9@     0000000180010888     libvcruntime:undname.obj
 0002:0000088c       ??_C@_01JOAMLHOP@?9@       000000018001088c     libvcruntime:undname.obj
 0002:00000890       ??_C@_01MIFGBAGJ@?$CL@     0000000180010890     libvcruntime:undname.obj
 0002:00000894       ??_C@_01HNPIGOCE@?$CG@     0000000180010894     libvcruntime:undname.obj
 0002:00000898       ??_C@_03MNHNFDLC@?9?$DO?$CK@ 0000000180010898     libvcruntime:undname.obj
 0002:0000089c       ??_C@_01KMDKNFGN@?1@       000000018001089c     libvcruntime:undname.obj
 0002:000008a0       ??_C@_01FGNFDNOH@?$CF@     00000001800108a0     libvcruntime:undname.obj
 0002:000008a4       ??_C@_01MNNFJEPP@?$DM@     00000001800108a4     libvcruntime:undname.obj
 0002:000008a8       ??_C@_02EHCHHCKH@?$DM?$DN@ 00000001800108a8     libvcruntime:undname.obj
 0002:000008ac       ??_C@_01PPODPGHN@?$DO@     00000001800108ac     libvcruntime:undname.obj
 0002:000008b0       ??_C@_02EEKDKGMJ@?$DO?$DN@ 00000001800108b0     libvcruntime:undname.obj
 0002:000008b4       ??_C@_01IHBHIGKO@?0@       00000001800108b4     libvcruntime:undname.obj
 0002:000008b8       ??_C@_02HCKGKOFO@?$CI?$CJ@ 00000001800108b8     libvcruntime:undname.obj
 0002:000008bc       ??_C@_01PJKLJHI@?$HO@      00000001800108bc     libvcruntime:undname.obj
 0002:000008c0       ??_C@_01JKBOJNNK@?$FO@     00000001800108c0     libvcruntime:undname.obj
 0002:000008c4       ??_C@_01DNKMNLPK@?$HM@     00000001800108c4     libvcruntime:undname.obj
 0002:000008c8       ??_C@_02PPKAJPJL@?$CG?$CG@ 00000001800108c8     libvcruntime:undname.obj
 0002:000008cc       ??_C@_02NONPIBCD@?$HM?$HM@ 00000001800108cc     libvcruntime:undname.obj
 0002:000008d0       ??_C@_02FPIMKNGF@?$CK?$DN@ 00000001800108d0     libvcruntime:undname.obj
 0002:000008d4       ??_C@_02FOEOMHFC@?$CL?$DN@ 00000001800108d4     libvcruntime:undname.obj
 0002:000008d8       ??_C@_02FKMDLLOA@?9?$DN@   00000001800108d8     libvcruntime:undname.obj
 0002:000008dc       ??_C@_02FJEHGPIO@?1?$DN@   00000001800108dc     libvcruntime:undname.obj
 0002:000008e0       ??_C@_02FENAOKFI@?$CF?$DN@ 00000001800108e0     libvcruntime:undname.obj
 0002:000008e4       ??_C@_03IKFCCPFF@?$DO?$DO?$DN@ 00000001800108e4     libvcruntime:undname.obj
 0002:000008e8       ??_C@_03CDNPDDLA@?$DM?$DM?$DN@ 00000001800108e8     libvcruntime:undname.obj
 0002:000008ec       ??_C@_02FGJGFEAB@?$CG?$DN@ 00000001800108ec     libvcruntime:undname.obj
 0002:000008f0       ??_C@_02DHLNPPGH@?$HM?$DN@ 00000001800108f0     libvcruntime:undname.obj
 0002:000008f4       ??_C@_02MHEGNOJ@?$FO?$DN@  00000001800108f4     libvcruntime:undname.obj
 0002:000008f8       ??_C@_09IFPLHPGF@?$GAvftable?8@ 00000001800108f8     libvcruntime:undname.obj
 0002:00000908       ??_C@_09BLBHBJP@?$GAvbtable?8@ 0000000180010908     libvcruntime:undname.obj
 0002:00000918       ??_C@_07FEEIOKP@?$GAvcall?8@ 0000000180010918     libvcruntime:undname.obj
 0002:00000920       ??_C@_08LLFFHHDJ@?$GAtypeof?8@ 0000000180010920     libvcruntime:undname.obj
 0002:00000930       ??_C@_0BF@KDPPACIK@?$GAlocal?5static?5guard?8@ 0000000180010930     libvcruntime:undname.obj
 0002:00000948       ??_C@_08OBABFOLI@?$GAstring?8@ 0000000180010948     libvcruntime:undname.obj
 0002:00000958       ??_C@_0BD@JDLKDPAB@?$GAvbase?5destructor?8@ 0000000180010958     libvcruntime:undname.obj
 0002:00000970       ??_C@_0BN@DEGPLNFK@?$GAvector?5deleting?5destructor?8@ 0000000180010970     libvcruntime:undname.obj
 0002:00000990       ??_C@_0BO@OBMKPJIG@?$GAdefault?5constructor?5closure?8@ 0000000180010990     libvcruntime:undname.obj
 0002:000009b0       ??_C@_0BN@IMDCHIKM@?$GAscalar?5deleting?5destructor?8@ 00000001800109b0     libvcruntime:undname.obj
 0002:000009d0       ??_C@_0BO@PFGOCPJJ@?$GAvector?5constructor?5iterator?8@ 00000001800109d0     libvcruntime:undname.obj
 0002:000009f0       ??_C@_0BN@LFPFMEDL@?$GAvector?5destructor?5iterator?8@ 00000001800109f0     libvcruntime:undname.obj
 0002:00000a10       ??_C@_0CE@IKBNEHA@?$GAvector?5vbase?5constructor?5itera@ 0000000180010a10     libvcruntime:undname.obj
 0002:00000a38       ??_C@_0BL@NILFHHPC@?$GAvirtual?5displacement?5map?8@ 0000000180010a38     libvcruntime:undname.obj
 0002:00000a58       ??_C@_0CB@JONCMFFK@?$GAeh?5vector?5constructor?5iterator@ 0000000180010a58     libvcruntime:undname.obj
 0002:00000a80       ??_C@_0CA@GCEOPDGL@?$GAeh?5vector?5destructor?5iterator?8@ 0000000180010a80     libvcruntime:undname.obj
 0002:00000aa0       ??_C@_0CH@OOJPLCPH@?$GAeh?5vector?5vbase?5constructor?5it@ 0000000180010aa0     libvcruntime:undname.obj
 0002:00000ac8       ??_C@_0BL@LLKPOHJI@?$GAcopy?5constructor?5closure?8@ 0000000180010ac8     libvcruntime:undname.obj
 0002:00000ae8       ??_C@_0BA@KBCDOMBN@?$GAudt?5returning?8@ 0000000180010ae8     libvcruntime:undname.obj
 0002:00000af8       ??_C@_03KLGMFNMG@?$GAEH@   0000000180010af8     libvcruntime:undname.obj
 0002:00000afc       ??_C@_05KHLCHHI@?$GARTTI@  0000000180010afc     libvcruntime:undname.obj
 0002:00000b08       ??_C@_0BA@KKLDJDLB@?$GAlocal?5vftable?8@ 0000000180010b08     libvcruntime:undname.obj
 0002:00000b18       ??_C@_0CE@IIHCMGGL@?$GAlocal?5vftable?5constructor?5clos@ 0000000180010b18     libvcruntime:undname.obj
 0002:00000b3c       ??_C@_06FHBGPFGH@?5new?$FL?$FN@ 0000000180010b3c     libvcruntime:undname.obj
 0002:00000b48       ??_C@_09LBNFPBCA@?5delete?$FL?$FN@ 0000000180010b48     libvcruntime:undname.obj
 0002:00000b58       ??_C@_0P@HJKNJFNN@?$GAomni?5callsig?8@ 0000000180010b58     libvcruntime:undname.obj
 0002:00000b68       ??_C@_0BL@CNOONJFP@?$GAplacement?5delete?5closure?8@ 0000000180010b68     libvcruntime:undname.obj
 0002:00000b88       ??_C@_0BN@CKNJLHMB@?$GAplacement?5delete?$FL?$FN?5closure?8@ 0000000180010b88     libvcruntime:undname.obj
 0002:00000ba8       ??_C@_0CG@CFDHKGGD@?$GAmanaged?5vector?5constructor?5ite@ 0000000180010ba8     libvcruntime:undname.obj
 0002:00000bd0       ??_C@_0CF@IMGKMJNO@?$GAmanaged?5vector?5destructor?5iter@ 0000000180010bd0     libvcruntime:undname.obj
 0002:00000bf8       ??_C@_0CG@HLDDJMAG@?$GAeh?5vector?5copy?5constructor?5ite@ 0000000180010bf8     libvcruntime:undname.obj
 0002:00000c20       ??_C@_0CM@FCBBDIGB@?$GAeh?5vector?5vbase?5copy?5construct@ 0000000180010c20     libvcruntime:undname.obj
 0002:00000c50       ??_C@_0BL@CLIPGLGB@?$GAdynamic?5initializer?5for?5?8@ 0000000180010c50     libvcruntime:undname.obj
 0002:00000c70       ??_C@_0CB@PDBIFEP@?$GAdynamic?5atexit?5destructor?5for?5@ 0000000180010c70     libvcruntime:undname.obj
 0002:00000c98       ??_C@_0CD@CGAJBKEJ@?$GAvector?5copy?5constructor?5iterat@ 0000000180010c98     libvcruntime:undname.obj
 0002:00000cc0       ??_C@_0CJ@GJELGAMM@?$GAvector?5vbase?5copy?5constructor?5@ 0000000180010cc0     libvcruntime:undname.obj
 0002:00000cf0       ??_C@_0CL@FGIJHLCE@?$GAmanaged?5vector?5copy?5constructo@ 0000000180010cf0     libvcruntime:undname.obj
 0002:00000d20       ??_C@_0BM@PMGGMLDN@?$GAlocal?5static?5thread?5guard?8@ 0000000180010d20     libvcruntime:undname.obj
 0002:00000d40       ??_C@_0N@BDNMDMOL@operator?5?$CC?$CC?5@ 0000000180010d40     libvcruntime:undname.obj
 0002:00000d50       ??_C@_0BC@GGEBGALA@operator?5co_await@ 0000000180010d50     libvcruntime:undname.obj
 0002:00000d68       ??_C@_0BC@DAFEJGAK@?5Type?5Descriptor?8@ 0000000180010d68     libvcruntime:undname.obj
 0002:00000d80       ??_C@_0BM@LDKODKLH@?5Base?5Class?5Descriptor?5at?5?$CI@ 0000000180010d80     libvcruntime:undname.obj
 0002:00000da0       ??_C@_0BD@LGICGFMM@?5Base?5Class?5Array?8@ 0000000180010da0     libvcruntime:undname.obj
 0002:00000db8       ??_C@_0BN@MECKDCOJ@?5Class?5Hierarchy?5Descriptor?8@ 0000000180010db8     libvcruntime:undname.obj
 0002:00000dd8       ??_C@_0BK@CFCOFLF@?5Complete?5Object?5Locator?8@ 0000000180010dd8     libvcruntime:undname.obj
 0002:00000e10       ??_C@_1DM@KHCHBNEB@?$AAa?$AAp?$AAi?$AA?9?$AAm?$AAs?$AA?9?$AAw?$AAi?$AAn?$AA?9?$AAc?$AAo?$AAr?$AAe@ 0000000180010e10     libvcruntime:winapi_downlevel.obj
 0002:00000e50       ??_C@_1DK@LPPGFMPP@?$AAa?$AAp?$AAi?$AA?9?$AAm?$AAs?$AA?9?$AAw?$AAi?$AAn?$AA?9?$AAc?$AAo?$AAr?$AAe@ 0000000180010e50     libvcruntime:winapi_downlevel.obj
 0002:00000e90       ??_C@_1BC@GDMECMAK@?$AAk?$AAe?$AAr?$AAn?$AAe?$AAl?$AA3?$AA2@ 0000000180010e90     libvcruntime:winapi_downlevel.obj
 0002:00000ea8       ??_C@_1BA@PFFKHIOG@?$AAa?$AAp?$AAi?$AA?9?$AAm?$AAs?$AA?9@ 0000000180010ea8     libvcruntime:winapi_downlevel.obj
 0002:00000eb8       ??_C@_1BA@IAIFMGEF@?$AAe?$AAx?$AAt?$AA?9?$AAm?$AAs?$AA?9@ 0000000180010eb8     libvcruntime:winapi_downlevel.obj
 0002:00000ed0       ??_C@_08KNHFBNJ@FlsAlloc@  0000000180010ed0     libvcruntime:winapi_downlevel.obj
 0002:00000ee8       ??_C@_07PEJMOBNF@FlsFree@  0000000180010ee8     libvcruntime:winapi_downlevel.obj
 0002:00000ef8       ??_C@_0M@GDNOONDI@FlsGetValue@ 0000000180010ef8     libvcruntime:winapi_downlevel.obj
 0002:00000f10       ??_C@_0M@JCPCPOEF@FlsSetValue@ 0000000180010f10     libvcruntime:winapi_downlevel.obj
 0002:00000f28       ??_C@_0BM@HCFOFFN@InitializeCriticalSectionEx@ 0000000180010f28     libvcruntime:winapi_downlevel.obj
 0002:00000f50       __acrt_exception_action_table 0000000180010f50     libucrt:exception_filter.obj
 0002:00001010       __acrt_signal_action_table_count 0000000180011010     libucrt:exception_filter.obj
 0002:00001018       __acrt_signal_action_first_fpe_index 0000000180011018     libucrt:exception_filter.obj
 0002:00001020       __acrt_signal_action_fpe_count 0000000180011020     libucrt:exception_filter.obj
 0002:00001028       ??_C@_1BI@BGOHAHKC@?$AAm?$AAs?$AAc?$AAo?$AAr?$AAe?$AAe?$AA?4?$AAd?$AAl?$AAl?$AA?$AA@ 0000000180011028     libucrt:exit.obj
 0002:00001040       ??_C@_0P@MIGLKIOC@CorExitProcess?$AA@ 0000000180011040     libucrt:exit.obj
 0002:000012c0       __lc_time_c                00000001800112c0     libucrt:nlsdata.obj
 0002:00001580       ??_C@_03KOEHGMDN@Sun?$AA@  0000000180011580     libucrt:nlsdata.obj
 0002:00001584       ??_C@_03PDAGKDH@Mon?$AA@   0000000180011584     libucrt:nlsdata.obj
 0002:00001588       ??_C@_03NAGEINEP@Tue?$AA@  0000000180011588     libucrt:nlsdata.obj
 0002:0000158c       ??_C@_03MHOMLAJA@Wed?$AA@  000000018001158c     libucrt:nlsdata.obj
 0002:00001590       ??_C@_03IOFIKPDN@Thu?$AA@  0000000180011590     libucrt:nlsdata.obj
 0002:00001594       ??_C@_03IDIOELNC@Fri?$AA@  0000000180011594     libucrt:nlsdata.obj
 0002:00001598       ??_C@_03FEFJNEK@Sat?$AA@   0000000180011598     libucrt:nlsdata.obj
 0002:0000159c       ??_C@_06OOPIFAJ@Sunday?$AA@ 000000018001159c     libucrt:nlsdata.obj
 0002:000015a4       ??_C@_06JLEDEDGH@Monday?$AA@ 00000001800115a4     libucrt:nlsdata.obj
 0002:000015b0       ??_C@_07BAAGCFCM@Tuesday?$AA@ 00000001800115b0     libucrt:nlsdata.obj
 0002:000015b8       ??_C@_09DLIGFAKA@Wednesday?$AA@ 00000001800115b8     libucrt:nlsdata.obj
 0002:000015c8       ??_C@_08HACCIKIA@Thursday?$AA@ 00000001800115c8     libucrt:nlsdata.obj
 0002:000015d4       ??_C@_06JECMNKMI@Friday?$AA@ 00000001800115d4     libucrt:nlsdata.obj
 0002:000015e0       ??_C@_08INBOOONO@Saturday?$AA@ 00000001800115e0     libucrt:nlsdata.obj
 0002:000015ec       ??_C@_03JIHJHPIE@Jan?$AA@  00000001800115ec     libucrt:nlsdata.obj
 0002:000015f0       ??_C@_03HJBDCHOM@Feb?$AA@  00000001800115f0     libucrt:nlsdata.obj
 0002:000015f4       ??_C@_03ODNJBKGA@Mar?$AA@  00000001800115f4     libucrt:nlsdata.obj
 0002:000015f8       ??_C@_03LEOLGMJP@Apr?$AA@  00000001800115f8     libucrt:nlsdata.obj
 0002:000015fc       ??_C@_03CNMDKL@May?$AA@    00000001800115fc     libucrt:nlsdata.obj
 0002:00001600       ??_C@_03IDFGHECI@Jun?$AA@  0000000180011600     libucrt:nlsdata.obj
 0002:00001604       ??_C@_03LBGABGKK@Jul?$AA@  0000000180011604     libucrt:nlsdata.obj
 0002:00001608       ??_C@_03IFJFEIGA@Aug?$AA@  0000000180011608     libucrt:nlsdata.obj
 0002:0000160c       ??_C@_03GGCAPAJC@Sep?$AA@  000000018001160c     libucrt:nlsdata.obj
 0002:00001610       ??_C@_03BMAOKBAD@Oct?$AA@  0000000180011610     libucrt:nlsdata.obj
 0002:00001614       ??_C@_03JPJOFNIA@Nov?$AA@  0000000180011614     libucrt:nlsdata.obj
 0002:00001618       ??_C@_03MKABNOCG@Dec?$AA@  0000000180011618     libucrt:nlsdata.obj
 0002:00001620       ??_C@_07CGJPFGJA@January?$AA@ 0000000180011620     libucrt:nlsdata.obj
 0002:00001628       ??_C@_08GNJGEPFN@February?$AA@ 0000000180011628     libucrt:nlsdata.obj
 0002:00001634       ??_C@_05HPCKOFNC@March?$AA@ 0000000180011634     libucrt:nlsdata.obj
 0002:0000163c       ??_C@_05DMJDNLEJ@April?$AA@ 000000018001163c     libucrt:nlsdata.obj
 0002:00001644       ??_C@_04CNLMGBGM@June?$AA@ 0000000180011644     libucrt:nlsdata.obj
 0002:0000164c       ??_C@_04MIEPOIFP@July?$AA@ 000000018001164c     libucrt:nlsdata.obj
 0002:00001654       ??_C@_06LBBHFDDG@August?$AA@ 0000000180011654     libucrt:nlsdata.obj
 0002:00001660       ??_C@_09BHHEALKD@September?$AA@ 0000000180011660     libucrt:nlsdata.obj
 0002:00001670       ??_C@_07JJNFCEND@October?$AA@ 0000000180011670     libucrt:nlsdata.obj
 0002:00001678       ??_C@_08HCHEGEOA@November?$AA@ 0000000180011678     libucrt:nlsdata.obj
 0002:00001688       ??_C@_08EDHMEBNP@December?$AA@ 0000000180011688     libucrt:nlsdata.obj
 0002:00001694       ??_C@_02DEDBPAFC@AM?$AA@   0000000180011694     libucrt:nlsdata.obj
 0002:00001698       ??_C@_02CJNFDJBF@PM?$AA@   0000000180011698     libucrt:nlsdata.obj
 0002:000016a0       ??_C@_08BPBNCDIB@MM?1dd?1yy?$AA@ 00000001800116a0     libucrt:nlsdata.obj
 0002:000016b0       ??_C@_0BE@CKGJFCPC@dddd?0?5MMMM?5dd?0?5yyyy?$AA@ 00000001800116b0     libucrt:nlsdata.obj
 0002:000016c8       ??_C@_08JCCMCCIL@HH?3mm?3ss?$AA@ 00000001800116c8     libucrt:nlsdata.obj
 0002:000016d8       ??_C@_17MBGCMIPB@?$AAS?$AAu?$AAn?$AA?$AA@ 00000001800116d8     libucrt:nlsdata.obj
 0002:000016e0       ??_C@_17KBOMKBF@?$AAM?$AAo?$AAn?$AA?$AA@ 00000001800116e0     libucrt:nlsdata.obj
 0002:000016e8       ??_C@_17BMKGEGOJ@?$AAT?$AAu?$AAe?$AA?$AA@ 00000001800116e8     libucrt:nlsdata.obj
 0002:000016f0       ??_C@_17CJEDCEPE@?$AAW?$AAe?$AAd?$AA?$AA@ 00000001800116f0     libucrt:nlsdata.obj
 0002:000016f8       ??_C@_17PDPHAADD@?$AAT?$AAh?$AAu?$AA?$AA@ 00000001800116f8     libucrt:nlsdata.obj
 0002:00001700       ??_C@_17HFOLPPLP@?$AAF?$AAr?$AAi?$AA?$AA@ 0000000180011700     libucrt:nlsdata.obj
 0002:00001708       ??_C@_17GGIBDPIH@?$AAS?$AAa?$AAt?$AA?$AA@ 0000000180011708     libucrt:nlsdata.obj
 0002:00001710       ??_C@_1O@IHNHDHPB@?$AAS?$AAu?$AAn?$AAd?$AAa?$AAy?$AA?$AA@ 0000000180011710     libucrt:nlsdata.obj
 0002:00001720       ??_C@_1O@MMNBFLIA@?$AAM?$AAo?$AAn?$AAd?$AAa?$AAy?$AA?$AA@ 0000000180011720     libucrt:nlsdata.obj
 0002:00001730       ??_C@_1BA@ENFBFFEK@?$AAT?$AAu?$AAe?$AAs?$AAd?$AAa?$AAy?$AA?$AA@ 0000000180011730     libucrt:nlsdata.obj
 0002:00001740       ??_C@_1BE@EBOGMDOH@?$AAW?$AAe?$AAd?$AAn?$AAe?$AAs?$AAd?$AAa?$AAy?$AA?$AA@ 0000000180011740     libucrt:nlsdata.obj
 0002:00001758       ??_C@_1BC@HHMNLIHE@?$AAT?$AAh?$AAu?$AAr?$AAs?$AAd?$AAa?$AAy?$AA?$AA@ 0000000180011758     libucrt:nlsdata.obj
 0002:00001770       ??_C@_1O@PDICJHAG@?$AAF?$AAr?$AAi?$AAd?$AAa?$AAy?$AA?$AA@ 0000000180011770     libucrt:nlsdata.obj
 0002:00001780       ??_C@_1BC@ENMNNPAJ@?$AAS?$AAa?$AAt?$AAu?$AAr?$AAd?$AAa?$AAy?$AA?$AA@ 0000000180011780     libucrt:nlsdata.obj
 0002:00001798       ??_C@_17DKNBKCHM@?$AAJ?$AAa?$AAn?$AA?$AA@ 0000000180011798     libucrt:nlsdata.obj
 0002:000017a0       ??_C@_17LMDJEKJN@?$AAF?$AAe?$AAb?$AA?$AA@ 00000001800117a0     libucrt:nlsdata.obj
 0002:000017a8       ??_C@_17CKNLEDEC@?$AAM?$AAa?$AAr?$AA?$AA@ 00000001800117a8     libucrt:nlsdata.obj
 0002:000017b0       ??_C@_17LFPOIHDD@?$AAA?$AAp?$AAr?$AA?$AA@ 00000001800117b0     libucrt:nlsdata.obj
 0002:000017b8       ??_C@_17PNNKMEED@?$AAM?$AAa?$AAy?$AA?$AA@ 00000001800117b8     libucrt:nlsdata.obj
 0002:000017c0       ??_C@_17KCJGOCPB@?$AAJ?$AAu?$AAn?$AA?$AA@ 00000001800117c0     libucrt:nlsdata.obj
 0002:000017c8       ??_C@_17IJPCKHK@?$AAJ?$AAu?$AAl?$AA?$AA@ 00000001800117c8     libucrt:nlsdata.obj
 0002:000017d0       ??_C@_17ICPELBCN@?$AAA?$AAu?$AAg?$AA?$AA@ 00000001800117d0     libucrt:nlsdata.obj
 0002:000017d8       ??_C@_17HCHCOKMG@?$AAS?$AAe?$AAp?$AA?$AA@ 00000001800117d8     libucrt:nlsdata.obj
 0002:000017e0       ??_C@_17FNLKOI@?$AAO?$AAc?$AAt?$AA?$AA@ 00000001800117e0     libucrt:nlsdata.obj
 0002:000017e8       ??_C@_17BBDMLCIG@?$AAN?$AAo?$AAv?$AA?$AA@ 00000001800117e8     libucrt:nlsdata.obj
 0002:000017f0       ??_C@_17EGKACKIF@?$AAD?$AAe?$AAc?$AA?$AA@ 00000001800117f0     libucrt:nlsdata.obj
 0002:000017f8       ??_C@_1BA@EFMEIEBA@?$AAJ?$AAa?$AAn?$AAu?$AAa?$AAr?$AAy?$AA?$AA@ 00000001800117f8     libucrt:nlsdata.obj
 0002:00001808       ??_C@_1BC@JGDDFFAM@?$AAF?$AAe?$AAb?$AAr?$AAu?$AAa?$AAr?$AAy?$AA?$AA@ 0000000180011808     libucrt:nlsdata.obj
 0002:00001820       ??_C@_1M@IKEENEDF@?$AAM?$AAa?$AAr?$AAc?$AAh?$AA?$AA@ 0000000180011820     libucrt:nlsdata.obj
 0002:00001830       ??_C@_1M@GJNLMHFD@?$AAA?$AAp?$AAr?$AAi?$AAl?$AA?$AA@ 0000000180011830     libucrt:nlsdata.obj
 0002:00001840       ??_C@_19EPFLPGAP@?$AAJ?$AAu?$AAn?$AAe?$AA?$AA@ 0000000180011840     libucrt:nlsdata.obj
 0002:00001850       ??_C@_19BIFMLPCD@?$AAJ?$AAu?$AAl?$AAy?$AA?$AA@ 0000000180011850     libucrt:nlsdata.obj
 0002:00001860       ??_C@_1O@PAHLKOAC@?$AAA?$AAu?$AAg?$AAu?$AAs?$AAt?$AA?$AA@ 0000000180011860     libucrt:nlsdata.obj
 0002:00001870       ??_C@_1BE@DKAAMBJL@?$AAS?$AAe?$AAp?$AAt?$AAe?$AAm?$AAb?$AAe?$AAr?$AA?$AA@ 0000000180011870     libucrt:nlsdata.obj
 0002:00001888       ??_C@_1BA@EPANDLNG@?$AAO?$AAc?$AAt?$AAo?$AAb?$AAe?$AAr?$AA?$AA@ 0000000180011888     libucrt:nlsdata.obj
 0002:00001898       ??_C@_1BC@BGLIFPF@?$AAN?$AAo?$AAv?$AAe?$AAm?$AAb?$AAe?$AAr?$AA?$AA@ 0000000180011898     libucrt:nlsdata.obj
 0002:000018b0       ??_C@_1BC@FEMKIFH@?$AAD?$AAe?$AAc?$AAe?$AAm?$AAb?$AAe?$AAr?$AA?$AA@ 00000001800118b0     libucrt:nlsdata.obj
 0002:000018c4       ??_C@_15ODEHAHHF@?$AAA?$AAM?$AA?$AA@ 00000001800118c4     libucrt:nlsdata.obj
 0002:000018cc       ??_C@_15CLMNNGEL@?$AAP?$AAM?$AA?$AA@ 00000001800118cc     libucrt:nlsdata.obj
 0002:000018d8       ??_C@_1BC@IEBCMHCM@?$AAM?$AAM?$AA?1?$AAd?$AAd?$AA?1?$AAy?$AAy?$AA?$AA@ 00000001800118d8     libucrt:nlsdata.obj
 0002:000018f0       ??_C@_1CI@KNAKOEBC@?$AAd?$AAd?$AAd?$AAd?$AA?0?$AA?5?$AAM?$AAM?$AAM?$AAM?$AA?5?$AAd?$AAd?$AA?0?$AA?5?$AAy?$AAy?$AAy?$AAy?$AA?$AA@ 00000001800118f0     libucrt:nlsdata.obj
 0002:00001918       ??_C@_1BC@GDGBMEMK@?$AAH?$AAH?$AA?3?$AAm?$AAm?$AA?3?$AAs?$AAs?$AA?$AA@ 0000000180011918     libucrt:nlsdata.obj
 0002:00001930       ??_C@_1M@BMHNFIME@?$AAe?$AAn?$AA?9?$AAU?$AAS?$AA?$AA@ 0000000180011930     libucrt:nlsdata.obj
 0002:00001960       ??_C@_1M@HPNHIDJI@?$AAj?$AAa?$AA?9?$AAJ?$AAP?$AA?$AA@ 0000000180011960     libucrt:mbctype.obj
 0002:00001970       ??_C@_1M@BIBDDEMK@?$AAz?$AAh?$AA?9?$AAC?$AAN?$AA?$AA@ 0000000180011970     libucrt:mbctype.obj
 0002:00001980       ??_C@_1M@JLOOOEGK@?$AAk?$AAo?$AA?9?$AAK?$AAR?$AA?$AA@ 0000000180011980     libucrt:mbctype.obj
 0002:00001990       ??_C@_1M@CLNBBOPM@?$AAz?$AAh?$AA?9?$AAT?$AAW?$AA?$AA@ 0000000180011990     libucrt:mbctype.obj
 0002:00001a40       ??_C@_1EA@JGEFHKEI@?$AAa?$AAp?$AAi?$AA?9?$AAm?$AAs?$AA?9?$AAw?$AAi?$AAn?$AA?9?$AAc?$AAo?$AAr?$AAe?$AA?9?$AAd?$AAa?$AAt?$AAe?$AAt?$AAi?$AAm?$AAe?$AA?9?$AAl?$AA1?$AA?9?$AA1?$AA?9?$AA1?$AA?$AA@ 0000000180011a40     libucrt:winapi_thunks.obj
 0002:00001a80       ??_C@_1DM@KHCHBNEB@?$AAa?$AAp?$AAi?$AA?9?$AAm?$AAs?$AA?9?$AAw?$AAi?$AAn?$AA?9?$AAc?$AAo?$AAr?$AAe?$AA?9?$AAf?$AAi?$AAb?$AAe?$AAr?$AAs?$AA?9?$AAl?$AA1?$AA?9?$AA1?$AA?9?$AA1?$AA?$AA@ 0000000180011a80     libucrt:winapi_thunks.obj
 0002:00001ac0       ??_C@_1DI@IJCEHOCB@?$AAa?$AAp?$AAi?$AA?9?$AAm?$AAs?$AA?9?$AAw?$AAi?$AAn?$AA?9?$AAc?$AAo?$AAr?$AAe?$AA?9?$AAf?$AAi?$AAl?$AAe?$AA?9?$AAl?$AA1?$AA?9?$AA2?$AA?9?$AA2?$AA?$AA@ 0000000180011ac0     libucrt:winapi_thunks.obj
 0002:00001b00       ??_C@_1EI@MPIAOHOC@?$AAa?$AAp?$AAi?$AA?9?$AAm?$AAs?$AA?9?$AAw?$AAi?$AAn?$AA?9?$AAc?$AAo?$AAr?$AAe?$AA?9?$AAl?$AAo?$AAc?$AAa?$AAl?$AAi?$AAz?$AAa?$AAt?$AAi?$AAo?$AAn?$AA?9?$AAl?$AA1?$AA?9@ 0000000180011b00     libucrt:winapi_thunks.obj
 0002:00001b50       ??_C@_1FK@FPHCKFIE@?$AAa?$AAp?$AAi?$AA?9?$AAm?$AAs?$AA?9?$AAw?$AAi?$AAn?$AA?9?$AAc?$AAo?$AAr?$AAe?$AA?9?$AAl?$AAo?$AAc?$AAa?$AAl?$AAi?$AAz?$AAa?$AAt?$AAi?$AAo?$AAn?$AA?9?$AAo?$AAb?$AAs@ 0000000180011b50     libucrt:winapi_thunks.obj
 0002:00001bb0       ??_C@_1EM@DILCGIIO@?$AAa?$AAp?$AAi?$AA?9?$AAm?$AAs?$AA?9?$AAw?$AAi?$AAn?$AA?9?$AAc?$AAo?$AAr?$AAe?$AA?9?$AAp?$AAr?$AAo?$AAc?$AAe?$AAs?$AAs?$AAt?$AAh?$AAr?$AAe?$AAa?$AAd?$AAs?$AA?9?$AAl@ 0000000180011bb0     libucrt:winapi_thunks.obj
 0002:00001c00       ??_C@_1DM@LNCGDDPN@?$AAa?$AAp?$AAi?$AA?9?$AAm?$AAs?$AA?9?$AAw?$AAi?$AAn?$AA?9?$AAc?$AAo?$AAr?$AAe?$AA?9?$AAs?$AAt?$AAr?$AAi?$AAn?$AAg?$AA?9?$AAl?$AA1?$AA?9?$AA1?$AA?9?$AA0?$AA?$AA@ 0000000180011c00     libucrt:winapi_thunks.obj
 0002:00001c40       ??_C@_1DK@LPPGFMPP@?$AAa?$AAp?$AAi?$AA?9?$AAm?$AAs?$AA?9?$AAw?$AAi?$AAn?$AA?9?$AAc?$AAo?$AAr?$AAe?$AA?9?$AAs?$AAy?$AAn?$AAc?$AAh?$AA?9?$AAl?$AA1?$AA?9?$AA2?$AA?9?$AA0?$AA?$AA@ 0000000180011c40     libucrt:winapi_thunks.obj
 0002:00001c80       ??_C@_1DO@FPAPJEMD@?$AAa?$AAp?$AAi?$AA?9?$AAm?$AAs?$AA?9?$AAw?$AAi?$AAn?$AA?9?$AAc?$AAo?$AAr?$AAe?$AA?9?$AAs?$AAy?$AAs?$AAi?$AAn?$AAf?$AAo?$AA?9?$AAl?$AA1?$AA?9?$AA2?$AA?9?$AA1?$AA?$AA@ 0000000180011c80     libucrt:winapi_thunks.obj
 0002:00001cc0       ??_C@_1DK@NDHNAHIO@?$AAa?$AAp?$AAi?$AA?9?$AAm?$AAs?$AA?9?$AAw?$AAi?$AAn?$AA?9?$AAc?$AAo?$AAr?$AAe?$AA?9?$AAw?$AAi?$AAn?$AAr?$AAt?$AA?9?$AAl?$AA1?$AA?9?$AA1?$AA?9?$AA0?$AA?$AA@ 0000000180011cc0     libucrt:winapi_thunks.obj
 0002:00001d00       ??_C@_1DM@KGHDGBCM@?$AAa?$AAp?$AAi?$AA?9?$AAm?$AAs?$AA?9?$AAw?$AAi?$AAn?$AA?9?$AAc?$AAo?$AAr?$AAe?$AA?9?$AAx?$AAs?$AAt?$AAa?$AAt?$AAe?$AA?9?$AAl?$AA2?$AA?9?$AA1?$AA?9?$AA0?$AA?$AA@ 0000000180011d00     libucrt:winapi_thunks.obj
 0002:00001d40       ??_C@_1EO@IJIOEFOH@?$AAa?$AAp?$AAi?$AA?9?$AAm?$AAs?$AA?9?$AAw?$AAi?$AAn?$AA?9?$AAr?$AAt?$AAc?$AAo?$AAr?$AAe?$AA?9?$AAn?$AAt?$AAu?$AAs?$AAe?$AAr?$AA?9?$AAw?$AAi?$AAn?$AAd?$AAo?$AAw?$AA?9@ 0000000180011d40     libucrt:winapi_thunks.obj
 0002:00001d90       ??_C@_1FG@HHGEKANL@?$AAa?$AAp?$AAi?$AA?9?$AAm?$AAs?$AA?9?$AAw?$AAi?$AAn?$AA?9?$AAs?$AAe?$AAc?$AAu?$AAr?$AAi?$AAt?$AAy?$AA?9?$AAs?$AAy?$AAs?$AAt?$AAe?$AAm?$AAf?$AAu?$AAn?$AAc?$AAt?$AAi@ 0000000180011d90     libucrt:winapi_thunks.obj
 0002:00001df0       ??_C@_1EG@DBIOJECG@?$AAe?$AAx?$AAt?$AA?9?$AAm?$AAs?$AA?9?$AAw?$AAi?$AAn?$AA?9?$AAn?$AAt?$AAu?$AAs?$AAe?$AAr?$AA?9?$AAd?$AAi?$AAa?$AAl?$AAo?$AAg?$AAb?$AAo?$AAx?$AA?9?$AAl?$AA1?$AA?9?$AA1@ 0000000180011df0     libucrt:winapi_thunks.obj
 0002:00001e40       ??_C@_1EO@FIHMJCLF@?$AAe?$AAx?$AAt?$AA?9?$AAm?$AAs?$AA?9?$AAw?$AAi?$AAn?$AA?9?$AAn?$AAt?$AAu?$AAs?$AAe?$AAr?$AA?9?$AAw?$AAi?$AAn?$AAd?$AAo?$AAw?$AAs?$AAt?$AAa?$AAt?$AAi?$AAo?$AAn?$AA?9@ 0000000180011e40     libucrt:winapi_thunks.obj
 0002:00001e90       ??_C@_1BC@DNHGCMLG@?$AAa?$AAd?$AAv?$AAa?$AAp?$AAi?$AA3?$AA2?$AA?$AA@ 0000000180011e90     libucrt:winapi_thunks.obj
 0002:00001ea8       ??_C@_1BC@GDMECMAK@?$AAk?$AAe?$AAr?$AAn?$AAe?$AAl?$AA3?$AA2?$AA?$AA@ 0000000180011ea8     libucrt:winapi_thunks.obj
 0002:00001ec0       ??_C@_1M@OAIMIKLP@?$AAn?$AAt?$AAd?$AAl?$AAl?$AA?$AA@ 0000000180011ec0     libucrt:winapi_thunks.obj
 0002:00001ed0       ??_C@_1EG@DPGNFKGC@?$AAa?$AAp?$AAi?$AA?9?$AAm?$AAs?$AA?9?$AAw?$AAi?$AAn?$AA?9?$AAa?$AAp?$AAp?$AAm?$AAo?$AAd?$AAe?$AAl?$AA?9?$AAr?$AAu?$AAn?$AAt?$AAi?$AAm?$AAe?$AA?9?$AAl?$AA1?$AA?9?$AA1@ 0000000180011ed0     libucrt:winapi_thunks.obj
 0002:00001f18       ??_C@_1O@BCCLBEOE@?$AAu?$AAs?$AAe?$AAr?$AA3?$AA2?$AA?$AA@ 0000000180011f18     libucrt:winapi_thunks.obj
 0002:00001f28       ??_C@_1BA@PFFKHIOG@?$AAa?$AAp?$AAi?$AA?9?$AAm?$AAs?$AA?9?$AA?$AA@ 0000000180011f28     libucrt:winapi_thunks.obj
 0002:00001f38       ??_C@_1BA@IAIFMGEF@?$AAe?$AAx?$AAt?$AA?9?$AAm?$AAs?$AA?9?$AA?$AA@ 0000000180011f38     libucrt:winapi_thunks.obj
 0002:00001f50       ??_C@_0BA@FHFNEAED@AreFileApisANSI?$AA@ 0000000180011f50     libucrt:winapi_thunks.obj
 0002:00001f68       ??_C@_08KNHFBNJ@FlsAlloc?$AA@ 0000000180011f68     libucrt:winapi_thunks.obj
 0002:00001f80       ??_C@_07PEJMOBNF@FlsFree?$AA@ 0000000180011f80     libucrt:winapi_thunks.obj
 0002:00001f90       ??_C@_0M@GDNOONDI@FlsGetValue?$AA@ 0000000180011f90     libucrt:winapi_thunks.obj
 0002:00001fa8       ??_C@_0M@JCPCPOEF@FlsSetValue?$AA@ 0000000180011fa8     libucrt:winapi_thunks.obj
 0002:00001fc0       ??_C@_0BM@HCFOFFN@InitializeCriticalSectionEx?$AA@ 0000000180011fc0     libucrt:winapi_thunks.obj
 0002:00001fe8       ??_C@_0O@KKBNKAPF@LCMapStringEx?$AA@ 0000000180011fe8     libucrt:winapi_thunks.obj
 0002:00002000       ??_C@_0BB@HBDEELFH@LocaleNameToLCID?$AA@ 0000000180012000     libucrt:winapi_thunks.obj
 0002:00002018       ??_C@_0CF@OJOFEIGO@AppPolicyGetProcessTerminationMe@ 0000000180012018     libucrt:winapi_thunks.obj
 0002:00002040       __newctype                 0000000180012040     libucrt:ctype.obj
 0002:00002340       __newclmap                 0000000180012340     libucrt:ctype.obj
 0002:000024c0       __newcumap                 00000001800124c0     libucrt:ctype.obj
 0002:00002640       ??_C@_15PJPFLCCM@?$AAu?$AAk?$AA?$AA@ 0000000180012640     libucrt:get_qualified_locale.obj
 0002:00003490       ??_C@_15EMKDOKLE@?$AAa?$AAr?$AA?$AA@ 0000000180013490     libucrt:lcidtoname_downlevel.obj
 0002:00003498       ??_C@_15KNPADPLH@?$AAb?$AAg?$AA?$AA@ 0000000180013498     libucrt:lcidtoname_downlevel.obj
[...]
 0004:0000099c       $pdata$_recalloc_base      000000018001d99c     libucrt:recalloc.obj
 0004:000009a8       $pdata$?try_get_function@@YAPEAXW4function_id@?A0x391cf84c@@QEBDQEBW4module_id@2@2@Z 000000018001d9a8     libucrt:winapi_thunks.obj
 0004:000009b4       $pdata$__acrt_AppPolicyGetProcessTerminationMethodInternal 000000018001d9b4     libucrt:winapi_thunks.obj
 0004:000009c0       $pdata$__acrt_AreFileApisANSI 000000018001d9c0     libucrt:winapi_thunks.obj
 0004:000009cc       $pdata$__acrt_FlsAlloc     000000018001d9cc     libucrt:winapi_thunks.obj
 0004:000009d8       $pdata$__acrt_FlsFree      000000018001d9d8     libucrt:winapi_thunks.obj
 0004:000009e4       $pdata$__acrt_FlsGetValue  000000018001d9e4     libucrt:winapi_thunks.obj
 0004:000009f0       $pdata$__acrt_FlsSetValue  000000018001d9f0     libucrt:winapi_thunks.obj
 0004:000009fc       $pdata$__acrt_InitializeCriticalSectionEx 000000018001d9fc     libucrt:winapi_thunks.obj
 0004:00000a08       $pdata$__acrt_LCMapStringEx 000000018001da08     libucrt:winapi_thunks.obj
 0004:00000a14       $pdata$__acrt_LocaleNameToLCID 000000018001da14     libucrt:winapi_thunks.obj
 0004:00000a20       $pdata$__acrt_initialize_winapi_thunks 000000018001da20     libucrt:winapi_thunks.obj
 0004:00000a2c       $pdata$__acrt_uninitialize_winapi_thunks 000000018001da2c     libucrt:winapi_thunks.obj
 0004:00000a38       $pdata$__acrt_initialize_heap 000000018001da38     libucrt:heap_handle.obj
 0004:00000a44       $pdata$?initialize_inherited_file_handles_nolock@@YAXXZ 000000018001da44     libucrt:ioinit.obj
 0004:00000a50       $pdata$?initialize_stdio_handles_nolock@@YAXXZ 000000018001da50     libucrt:ioinit.obj
 0004:00000a5c       $pdata$__acrt_initialize_lowio 000000018001da5c     libucrt:ioinit.obj
 0004:00000a68       $pdata$__acrt_uninitialize_lowio 000000018001da68     libucrt:ioinit.obj
 0004:00000a74       $pdata$__acrt_execute_initializers 000000018001da74     libucrt:shared_initialization.obj
 0004:00000a80       $pdata$__acrt_execute_uninitializers 000000018001da80     libucrt:shared_initialization.obj
 0004:00000a8c       $pdata$??$?RV<lambda_450d765d439847d4c735a33c368b5fc0>@@AEAV<lambda_44731a7d0e6d81c3e6aa82d741081786>@@V<lambda_601a2a7da3b7a96e9554ac7215c4b07c>@@@?$__crt_seh_guarded_call@P6AXH@Z@@QEAAP6AXH@Z$$QEAV<lambda_450d765d439847d4c735a33c368b5fc0>@@AEAV<lambda_44731a7d0e6d81c3e6aa82d741081786>@@$$QEAV<lambda_601a2a7da3b7a96e9554ac7215c4b07c>@@@Z 000000018001da8c     libucrt:signal.obj
 0004:00000a98       $pdata$__acrt_get_sigabrt_handler 000000018001da98     libucrt:signal.obj
 0004:00000aa4       $pdata$raise               000000018001daa4     libucrt:signal.obj
 0004:00000ab0       $pdata$??$?RV<lambda_842d9ff0dc9ef11c61343bbaebe7f885>@@AEAV<lambda_c5860995281e5c4ce005b3de8f5874ee>@@V<lambda_d90129c13df834fdcbf8d2b88dafcf2d>@@@?$__crt_seh_guarded_call@X@@QEAAX$$QEAV<lambda_842d9ff0dc9ef11c61343bbaebe7f885>@@AEAV<lambda_c5860995281e5c4ce005b3de8f5874ee>@@$$QEAV<lambda_d90129c13df834fdcbf8d2b88dafcf2d>@@@Z 000000018001dab0     libucrt:fflush.obj
 0004:00000abc       $pdata$??$?RV<lambda_886d6c58226a84441f68b9f2b8217b83>@@AEAV<lambda_ab61a845afdef5b7c387490eaf3616ee>@@V<lambda_f7f22ab5edc0698d5f6905b0d3f44752>@@@?$__crt_seh_guarded_call@X@@QEAAX$$QEAV<lambda_886d6c58226a84441f68b9f2b8217b83>@@AEAV<lambda_ab61a845afdef5b7c387490eaf3616ee>@@$$QEAV<lambda_f7f22ab5edc0698d5f6905b0d3f44752>@@@Z 000000018001dabc     libucrt:fflush.obj
 0004:00000ac8       $pdata$?common_flush_all@@YAH_N@Z 000000018001dac8     libucrt:fflush.obj
 0004:00000ad4       $pdata$__acrt_stdio_flush_nolock 000000018001dad4     libucrt:fflush.obj
 0004:00000ae0       $pdata$_fflush_nolock      000000018001dae0     libucrt:fflush.obj
 0004:00000aec       $pdata$__acrt_initialize_stdio 000000018001daec     libucrt:_file.obj
 0004:00000af8       $pdata$__acrt_uninitialize_stdio 000000018001daf8     libucrt:_file.obj
 0004:00000b04       $pdata$_mbtowc_l           000000018001db04     libucrt:mbtowc.obj
 0004:00000b10       $pdata$_fileno             000000018001db10     libucrt:fileno.obj
 0004:00000b1c       $pdata$__pctype_func       000000018001db1c     libucrt:ctype.obj
 0004:00000b28       $pdata$_isctype_l          000000018001db28     libucrt:isctype.obj
 0004:00000b34       $pdata$_isleadbyte_l       000000018001db34     libucrt:_wctype.obj
 0004:00000b40       $pdata$?__acrt_LCMapStringA_stat@@YAHPEAU__crt_locale_pointers@@PEB_WKPEBDHPEADHHH@Z 000000018001db40     libucrt:lcmapstringa.obj
 0004:00000b4c       $pdata$__acrt_LCMapStringA 000000018001db4c     libucrt:lcmapstringa.obj
 0004:00000b58       $pdata$__acrt_free_locale  000000018001db58     libucrt:locale_refcounting.obj
 0004:00000b64       $pdata$__acrt_locale_free_lc_time_if_unreferenced 000000018001db64     libucrt:locale_refcounting.obj
 0004:00000b70       $pdata$__acrt_release_locale_ref 000000018001db70     libucrt:locale_refcounting.obj
 0004:00000b7c       $pdata$__acrt_update_thread_locale_data 000000018001db7c     libucrt:locale_refcounting.obj
 0004:00000b88       $pdata$_updatetlocinfoEx_nolock 000000018001db88     libucrt:locale_refcounting.obj
 0004:00000b94       $pdata$__acrt_locale_free_monetary 000000018001db94     libucrt:initmon.obj
 0004:00000ba0       $pdata$__acrt_locale_free_numeric 000000018001dba0     libucrt:initnum.obj
 0004:00000bac       $pdata$?free_crt_array_internal@@YAXQEAPEBX_K@Z 000000018001dbac     libucrt:inittime.obj
 0004:00000bb8       $pdata$__acrt_locale_free_time 000000018001dbb8     libucrt:inittime.obj
 0004:00000bc4       $pdata$__acrt_GetStringTypeA 000000018001dbc4     libucrt:getstringtypea.obj
 0004:00000bd0       $pdata$qsort               000000018001dbd0     libucrt:qsort.obj
 0004:00000bdc       $pdata$4$qsort             000000018001dbdc     libucrt:qsort.obj
 0004:00000be8       $pdata$5$qsort             000000018001dbe8     libucrt:qsort.obj
 0004:00000bf4       $pdata$strncpy_s           000000018001dbf4     libucrt:strncpy_s.obj
 0004:00000c00       $pdata$fallbackMethod      000000018001dc00     libucrt:strpbrk.obj
 0004:00000c0c       $pdata$strpbrk             000000018001dc0c     libucrt:strpbrk.obj
 0004:00000c18       $pdata$_mbsdec_l           000000018001dc18     libucrt:mbsdec.obj
 0004:00000c24       $pdata$?initialize_multibyte@@YAHXZ 000000018001dc24     libucrt:multibyte_initializer.obj
 0004:00000c30       $pdata$_msize_base         000000018001dc30     libucrt:msize.obj
 0004:00000c3c       $pdata$_realloc_base       000000018001dc3c     libucrt:realloc_base.obj
 0004:00000c48       $pdata$?GetTableIndexFromLocaleName@@YAHPEB_W@Z 000000018001dc48     libucrt:lcidtoname_downlevel.obj
 0004:00000c54       $pdata$__acrt_DownlevelLocaleNameToLCID 000000018001dc54     libucrt:lcidtoname_downlevel.obj
 0004:00000c60       $pdata$__acrt_lowio_create_handle_array 000000018001dc60     libucrt:osfinfo.obj
 0004:00000c6c       $pdata$__acrt_lowio_destroy_handle_array 000000018001dc6c     libucrt:osfinfo.obj
 0004:00000c78       $pdata$__acrt_lowio_ensure_fh_exists 000000018001dc78     libucrt:osfinfo.obj
 0004:00000c84       $pdata$_free_osfhnd        000000018001dc84     libucrt:osfinfo.obj
 0004:00000c90       $pdata$_get_osfhandle      000000018001dc90     libucrt:osfinfo.obj
 0004:00000c9c       $pdata$??$?RV<lambda_a37b2b86f63e897a80ea819b0eb08c01>@@AEAV<lambda_38ce7e780aa69e748d6df282ebc68efe>@@V<lambda_99fb1378e971ab6e7edea83e3a7a83a2>@@@?$__crt_seh_guarded_call@H@@QEAAH$$QEAV<lambda_a37b2b86f63e897a80ea819b0eb08c01>@@AEAV<lambda_38ce7e780aa69e748d6df282ebc68efe>@@$$QEAV<lambda_99fb1378e971ab6e7edea83e3a7a83a2>@@@Z 000000018001dc9c     libucrt:commit.obj
 0004:00000ca8       $pdata$_commit             000000018001dca8     libucrt:commit.obj
 0004:00000cb4       $pdata$?write_double_translated_ansi_nolock@@YA?AUwrite_result@?A0x17268360@@HQEBDI@Z 000000018001dcb4     libucrt:write.obj
 0004:00000cc0       $pdata$?write_text_ansi_nolock@@YA?AUwrite_result@?A0x17268360@@HQEBDI@Z 000000018001dcc0     libucrt:write.obj
 0004:00000ccc       $pdata$?write_text_utf16le_nolock@@YA?AUwrite_result@?A0x17268360@@HQEBDI@Z 000000018001dccc     libucrt:write.obj
 0004:00000cd8       $pdata$?write_text_utf8_nolock@@YA?AUwrite_result@?A0x17268360@@HQEBDI@Z 000000018001dcd8     libucrt:write.obj
 0004:00000ce4       $pdata$_write              000000018001dce4     libucrt:write.obj
 0004:00000cf0       $pdata$_write_nolock       000000018001dcf0     libucrt:write.obj
 0004:00000cfc       $pdata$_fcloseall          000000018001dcfc     libucrt:closeall.obj
 0004:00000d08       $pdata$__acrt_stdio_free_buffer_nolock 000000018001dd08     libucrt:_freebuf.obj
 0004:00000d14       $pdata$_isatty             000000018001dd14     libucrt:isatty.obj
 0004:00000d20       $pdata$?__mbrtowc_utf8@__crt_mbstring@@YA_KPEA_WPEBD_KPEAU_Mbstatet@@@Z 000000018001dd20     libucrt:mbrtowc.obj
 0004:00000d2c       $pdata$?__mbsrtowcs_utf8@__crt_mbstring@@YA_KPEA_WPEAPEBD_KPEAU_Mbstatet@@@Z 000000018001dd2c     libucrt:mbrtowc.obj
 0004:00000d38       $pdata$??$common_lseek_nolock@_J@@YA_JH_JH@Z 000000018001dd38     libucrt:lseek.obj
 0004:00000d44       $pdata$_putwch_nolock      000000018001dd44     libucrt:putwch.obj
 0004:00000d50       $pdata$_fclose_nolock      000000018001dd50     libucrt:fclose.obj
 0004:00000d5c       $pdata$fclose              000000018001dd5c     libucrt:fclose.obj
 0004:00000d68       $pdata$?__mbrtoc32_utf8@__crt_mbstring@@YA_KPEA_UPEBD_KPEAU_Mbstatet@@@Z 000000018001dd68     libucrt:mbrtoc32.obj
 0004:00000d80       $pdata$__dcrt_lowio_ensure_console_output_initialized 000000018001dd80     libucrt:initcon.obj
 0004:00000d8c       $pdata$__dcrt_terminate_console_output 000000018001dd8c     libucrt:initcon.obj
 0004:00000d98       $pdata$__dcrt_write_console 000000018001dd98     libucrt:initcon.obj
 0004:00000da4       $pdata$??$?RV<lambda_751a882b2c74d4b022dec766aa51a29a>@@AEAV<lambda_628dfdc04ba53c8bfc02c9951375f3f5>@@V<lambda_f6c7be5f7998530c34de24c7437d6b54>@@@?$__crt_seh_guarded_call@H@@QEAAH$$QEAV<lambda_751a882b2c74d4b022dec766aa51a29a>@@AEAV<lambda_628dfdc04ba53c8bfc02c9951375f3f5>@@$$QEAV<lambda_f6c7be5f7998530c34de24c7437d6b54>@@@Z 000000018001dda4     libucrt:close.obj
 0004:00000db0       $pdata$_close              000000018001ddb0     libucrt:close.obj
 0004:00000dbc       $pdata$_close_nolock       000000018001ddbc     libucrt:close.obj
 0004:00000dc8       $pdata$_call_matherr       000000018001ddc8     libucrt:libm_error.obj
 0004:00000dd4       $pdata$_exception_enabled  000000018001ddd4     libucrt:libm_error.obj
 0004:00000de0       $pdata$_handle_error       000000018001dde0     libucrt:libm_error.obj
 0004:00000dec       $pdata$__acrt_initialize_fma3 000000018001ddec     libucrt:fma3_available.obj
 0004:00000df8       $pdata$_log10_special      000000018001ddf8     libucrt:log_special.obj
 0004:00000e04       $pdata$_log_special_common 000000018001de04     libucrt:log_special.obj
 0004:00000e1c       $pdata$_raise_exc          000000018001de1c     libucrt:fpexcept.obj
 0004:00000e28       $pdata$_raise_exc_ex       000000018001de28     libucrt:fpexcept.obj
 0004:00000e34       $pdata$_set_errno_from_matherr 000000018001de34     libucrt:fpexcept.obj
 0004:00000e40       $pdata$_clrfp              000000018001de40     libucrt:fpctrl.obj
 0004:00000e4c       $pdata$_ctrlfp             000000018001de4c     libucrt:fpctrl.obj
 0004:00000e58       $pdata$_set_statfp         000000018001de58     libucrt:fpctrl.obj
 0004:00000e64       $pdata$_statfp             000000018001de64     libucrt:fpctrl.obj
 0004:00000e70       $pdata$?DloadAcquireSectionWriteAccess@@YAXXZ 000000018001de70     DelayImp:delayhlp.obj
 0004:00000e7c       $pdata$?DloadGetSRWLockFunctionPointers@@YAEXZ 000000018001de7c     DelayImp:delayhlp.obj
 0004:00000e88       $pdata$?DloadMakePermanentImageCommit@@YAXPEAX_K@Z 000000018001de88     DelayImp:delayhlp.obj
 0004:00000e94       $pdata$?DloadObtainSection@@YAPEAXPEAK0@Z 000000018001de94     DelayImp:delayhlp.obj
 0004:00000ea0       $pdata$?DloadProtectSection@@YAXKPEAK@Z 000000018001dea0     DelayImp:delayhlp.obj
 0004:00000eac       $pdata$?DloadReleaseSectionWriteAccess@@YAXXZ 000000018001deac     DelayImp:delayhlp.obj
 0004:00000eb8       $pdata$__delayLoadHelper2  000000018001deb8     DelayImp:delayhlp.obj
 0004:00000ec4       $pdata$_IsNonwritableInCurrentImage 000000018001dec4     LIBCMT:pesect.obj
 0004:00000ed0       $pdata$__GSHandlerCheck    000000018001ded0     LIBCMT:gshandler.obj
 0004:00000edc       $pdata$__GSHandlerCheckCommon 000000018001dedc     LIBCMT:gshandler.obj
 0004:00000f0c       $pdata$?fin$0@?0??dllmain_crt_process_attach@@YAHQEAUHINSTANCE__@@QEAX@Z@4HA 000000018001df0c     LIBCMT:dll_dllmain.obj
 0004:00000f18       $pdata$?fin$0@?0??dllmain_crt_process_detach@@YAH_N@Z@4HA 000000018001df18     LIBCMT:dll_dllmain.obj
 0004:00000f24       $pdata$?filt$0@?0??dllmain_dispatch@@YAHQEAUHINSTANCE__@@KQEAX@Z@4HA 000000018001df24     LIBCMT:dll_dllmain.obj
 0004:00000f30       $pdata$__scrt_is_nonwritable_in_current_image$filt$0 000000018001df30     LIBCMT:utility.obj
 0004:00000f3c       $pdata$__DestructExceptionObject$filt$0 000000018001df3c     libvcruntime:ehhelpers.obj
 0004:00000f48       $pdata$_query_new_handler$fin$0 000000018001df48     libucrt:new_handler.obj
 0004:00000f54       $pdata$?fin$0@?0???$?RV<lambda_7777bce6b2f8c936911f934f8298dc43>@@AEAV<lambda_f03950bc5685219e0bcd2087efbe011e>@@V<lambda_3883c3dff614d5e0c5f61bb1ac94921c>@@@?$__crt_seh_guarded_call@H@@QEAAH$$QEAV<lambda_7777bce6b2f8c936911f934f8298dc43>@@AEAV<lambda_f03950bc5685219e0bcd2087efbe011e>@@$$QEAV<lambda_3883c3dff614d5e0c5f61bb1ac94921c>@@@Z@4HA 000000018001df54     libucrt:onexit.obj
 0004:00000f54       $pdata$?fin$0@?0???$?RV<lambda_d80eeec6fff315bfe5c115232f3240e3>@@AEAV<lambda_6e4b09c48022b2350581041d5f6b0c4c>@@V<lambda_2358e3775559c9db80273638284d5e45>@@@?$__crt_seh_guarded_call@X@@QEAAX$$QEAV<lambda_d80eeec6fff315bfe5c115232f3240e3>@@AEAV<lambda_6e4b09c48022b2350581041d5f6b0c4c>@@$$QEAV<lambda_2358e3775559c9db80273638284d5e45>@@@Z@4HA 000000018001df54     libucrt:exit.obj
 0004:00000f54       $pdata$?fin$0@?0???$?RV<lambda_0ae27a3a962d80f24befdcbee591983d>@@AEAV<lambda_8d0ee55de4b1038c4002e0adecdf1839>@@V<lambda_dc504788e8f1664fe9b84e20bfb512f2>@@@?$__crt_seh_guarded_call@X@@QEAAX$$QEAV<lambda_0ae27a3a962d80f24befdcbee591983d>@@AEAV<lambda_8d0ee55de4b1038c4002e0adecdf1839>@@$$QEAV<lambda_dc504788e8f1664fe9b84e20bfb512f2>@@@Z@4HA 000000018001df54     libucrt:per_thread_data.obj
 0004:00000f54       $pdata$?fin$0@?0???$?RV<lambda_aa87e3671a710a21b5dc78c0bdf72e11>@@AEAV<lambda_92619d2358a28f41a33ba319515a20b9>@@V<lambda_6992ecaafeb10aed2b74cb1fae11a551>@@@?$__crt_seh_guarded_call@X@@QEAAX$$QEAV<lambda_aa87e3671a710a21b5dc78c0bdf72e11>@@AEAV<lambda_92619d2358a28f41a33ba319515a20b9>@@$$QEAV<lambda_6992ecaafeb10aed2b74cb1fae11a551>@@@Z@4HA 000000018001df54     libucrt:per_thread_data.obj
 0004:00000f54       $pdata$?fin$0@?0???$?RV<lambda_f2e299630e499de9f9a165e60fcd3db5>@@AEAV<lambda_2ae9d31cdba2644fcbeaf08da7c24588>@@V<lambda_40d01ff24d0e7b3814fdbdcee8eab3c7>@@@?$__crt_seh_guarded_call@X@@QEAAX$$QEAV<lambda_f2e299630e499de9f9a165e60fcd3db5>@@AEAV<lambda_2ae9d31cdba2644fcbeaf08da7c24588>@@$$QEAV<lambda_40d01ff24d0e7b3814fdbdcee8eab3c7>@@@Z@4HA 000000018001df54     libucrt:per_thread_data.obj
 0004:00000f54       $pdata$?fin$0@?0???$?RV<lambda_2d41944a1d46af3157314b8a01080d33>@@AEAV<lambda_8f455de75cd7d7f24b4096f044d8b9e6>@@V<lambda_aa500f224e6afead328df44964fe2772>@@@?$__crt_seh_guarded_call@X@@QEAAX$$QEAV<lambda_2d41944a1d46af3157314b8a01080d33>@@AEAV<lambda_8f455de75cd7d7f24b4096f044d8b9e6>@@$$QEAV<lambda_aa500f224e6afead328df44964fe2772>@@@Z@4HA 000000018001df54     libucrt:per_thread_data.obj
 0004:00000f54       $pdata$?fin$0@?0???$?RV<lambda_450d765d439847d4c735a33c368b5fc0>@@AEAV<lambda_44731a7d0e6d81c3e6aa82d741081786>@@V<lambda_601a2a7da3b7a96e9554ac7215c4b07c>@@@?$__crt_seh_guarded_call@P6AXH@Z@@QEAAP6AXH@Z$$QEAV<lambda_450d765d439847d4c735a33c368b5fc0>@@AEAV<lambda_44731a7d0e6d81c3e6aa82d741081786>@@$$QEAV<lambda_601a2a7da3b7a96e9554ac7215c4b07c>@@@Z@4HA 000000018001df54     libucrt:signal.obj
 0004:00000f54       $pdata$?fin$0@?0???$?RV<lambda_efdfa57d1f175319df784efa44bb7b81>@@AEAV<lambda_5f0a4c1567f8adc6734073e5d1e1b35c>@@V<lambda_2e8a7d3640ea6ccb4c2413664c2db6fd>@@@?$__crt_seh_guarded_call@X@@QEAAX$$QEAV<lambda_efdfa57d1f175319df784efa44bb7b81>@@AEAV<lambda_5f0a4c1567f8adc6734073e5d1e1b35c>@@$$QEAV<lambda_2e8a7d3640ea6ccb4c2413664c2db6fd>@@@Z@4HA 000000018001df54     libucrt:mbctype.obj
 0004:00000f60       $pdata$?filt$0@?0???R<lambda_6e4b09c48022b2350581041d5f6b0c4c>@@QEBA@XZ@4HA 000000018001df60     libucrt:exit.obj
 0004:00000f6c       $pdata$?fin$0@?0???$?RV<lambda_410d79af7f07d98d83a3f525b3859a53>@@AEAV<lambda_3e16ef9562a7dcce91392c22ab16ea36>@@V<lambda_38119f0e861e05405d8a144b9b982f0a>@@@?$__crt_seh_guarded_call@X@@QEAAX$$QEAV<lambda_410d79af7f07d98d83a3f525b3859a53>@@AEAV<lambda_3e16ef9562a7dcce91392c22ab16ea36>@@$$QEAV<lambda_38119f0e861e05405d8a144b9b982f0a>@@@Z@4HA 000000018001df6c     libucrt:wsetlocale.obj
 0004:00000f78       $pdata$?fin$0@?0??update_thread_multibyte_data_internal@@YAPEAU__crt_multibyte_data@@QEAU__acrt_ptd@@QEAPEAU1@@Z@4HA 000000018001df78     libucrt:mbctype.obj
 0004:00000f84       $pdata$__acrt_lowio_ensure_fh_exists$fin$0 000000018001df84     libucrt:osfinfo.obj
 0004:00000f84       $pdata$__acrt_initialize_lowio$fin$0 000000018001df84     libucrt:ioinit.obj
 0004:00000f90       $pdata$raise$fin$0         000000018001df90     libucrt:signal.obj
 0004:00000f9c       $pdata$?fin$0@?0???$?RV<lambda_842d9ff0dc9ef11c61343bbaebe7f885>@@AEAV<lambda_c5860995281e5c4ce005b3de8f5874ee>@@V<lambda_d90129c13df834fdcbf8d2b88dafcf2d>@@@?$__crt_seh_guarded_call@X@@QEAAX$$QEAV<lambda_842d9ff0dc9ef11c61343bbaebe7f885>@@AEAV<lambda_c5860995281e5c4ce005b3de8f5874ee>@@$$QEAV<lambda_d90129c13df834fdcbf8d2b88dafcf2d>@@@Z@4HA 000000018001df9c     libucrt:fflush.obj
 0004:00000fa8       $pdata$?fin$0@?0???$?RV<lambda_886d6c58226a84441f68b9f2b8217b83>@@AEAV<lambda_ab61a845afdef5b7c387490eaf3616ee>@@V<lambda_f7f22ab5edc0698d5f6905b0d3f44752>@@@?$__crt_seh_guarded_call@X@@QEAAX$$QEAV<lambda_886d6c58226a84441f68b9f2b8217b83>@@AEAV<lambda_ab61a845afdef5b7c387490eaf3616ee>@@$$QEAV<lambda_f7f22ab5edc0698d5f6905b0d3f44752>@@@Z@4HA 000000018001dfa8     libucrt:fflush.obj
 0004:00000fb4       $pdata$__acrt_update_thread_locale_data$fin$0 000000018001dfb4     libucrt:locale_refcounting.obj
 0004:00000fc0       $pdata$?fin$0@?0???$?RV<lambda_a37b2b86f63e897a80ea819b0eb08c01>@@AEAV<lambda_38ce7e780aa69e748d6df282ebc68efe>@@V<lambda_99fb1378e971ab6e7edea83e3a7a83a2>@@@?$__crt_seh_guarded_call@H@@QEAAH$$QEAV<lambda_a37b2b86f63e897a80ea819b0eb08c01>@@AEAV<lambda_38ce7e780aa69e748d6df282ebc68efe>@@$$QEAV<lambda_99fb1378e971ab6e7edea83e3a7a83a2>@@@Z@4HA 000000018001dfc0     libucrt:commit.obj
 0004:00000fc0       $pdata$?fin$0@?0???$?RV<lambda_751a882b2c74d4b022dec766aa51a29a>@@AEAV<lambda_628dfdc04ba53c8bfc02c9951375f3f5>@@V<lambda_f6c7be5f7998530c34de24c7437d6b54>@@@?$__crt_seh_guarded_call@H@@QEAAH$$QEAV<lambda_751a882b2c74d4b022dec766aa51a29a>@@AEAV<lambda_628dfdc04ba53c8bfc02c9951375f3f5>@@$$QEAV<lambda_f6c7be5f7998530c34de24c7437d6b54>@@@Z@4HA 000000018001dfc0     libucrt:close.obj
 0004:00000fcc       $pdata$_write$fin$0        000000018001dfcc     libucrt:write.obj
 0004:00000fd8       $pdata$_fcloseall$fin$0    000000018001dfd8     libucrt:closeall.obj
 0004:00000fe4       $pdata$fclose$fin$0        000000018001dfe4     libucrt:fclose.obj
 0004:00000ff0       $pdata$_ctrlfp$filt$0      000000018001dff0     libucrt:fpctrl.obj
 0004:00000ffc       $pdata$_IsNonwritableInCurrentImage$filt$0 000000018001dffc     LIBCMT:pesect.obj
 0005:00000060       $R000000                   000000018001f060     * linker generated manifest res *

 Exports

  ordinal    name

        1    _register_hello_
